Archive member included to satisfy reference by file (symbol)

../libDaisy/build/libdaisy.a(daisy_patch_sm.o)
                              build/plaits_daisy.o (daisy::patch_sm::DaisyPatchSM::Init())
../libDaisy/build/libdaisy.a(codec_pcm3060.o)
                              ../libDaisy/build/libdaisy.a(daisy_patch_sm.o) (daisy::Pcm3060::Init(daisy::I2CHandle))
../libDaisy/build/libdaisy.a(sdram.o)
                              ../libDaisy/build/libdaisy.a(daisy_patch_sm.o) (SdramHandle::Init())
../libDaisy/build/libdaisy.a(audio.o)
                              ../libDaisy/build/libdaisy.a(daisy_patch_sm.o) (daisy::AudioHandle::Init(daisy::AudioHandle::Config const&, daisy::SaiHandle))
../libDaisy/build/libdaisy.a(ctrl.o)
                              ../libDaisy/build/libdaisy.a(daisy_patch_sm.o) (daisy::AnalogControl::Init(unsigned short*, float, bool, bool, float))
../libDaisy/build/libdaisy.a(gatein.o)
                              ../libDaisy/build/libdaisy.a(daisy_patch_sm.o) (daisy::GateIn::Init(daisy::Pin, bool))
../libDaisy/build/libdaisy.a(adc.o)
                              ../libDaisy/build/libdaisy.a(daisy_patch_sm.o) (daisy::AdcChannelConfig::InitSingle(daisy::Pin, daisy::AdcChannelConfig::ConversionSpeed))
../libDaisy/build/libdaisy.a(dac.o)
                              ../libDaisy/build/libdaisy.a(daisy_patch_sm.o) (daisy::DacHandle::Init(daisy::DacHandle::Config const&))
../libDaisy/build/libdaisy.a(gpio.o)
                              ../libDaisy/build/libdaisy.a(adc.o) (daisy::GPIO::Init())
../libDaisy/build/libdaisy.a(i2c.o)
                              ../libDaisy/build/libdaisy.a(daisy_patch_sm.o) (daisy::I2CHandle::Init(daisy::I2CHandle::Config const&))
../libDaisy/build/libdaisy.a(qspi.o)
                              ../libDaisy/build/libdaisy.a(daisy_patch_sm.o) (daisy::QSPIHandle::Init(daisy::QSPIHandle::Config const&))
../libDaisy/build/libdaisy.a(sai.o)
                              ../libDaisy/build/libdaisy.a(daisy_patch_sm.o) (daisy::SaiHandle::Init(daisy::SaiHandle::Config const&))
../libDaisy/build/libdaisy.a(system.o)
                              build/plaits_daisy.o (daisy::System::Delay(unsigned long))
../libDaisy/build/libdaisy.a(usbd_conf.o)
                              ../libDaisy/build/libdaisy.a(system.o) (hpcd_USB_OTG_HS)
../libDaisy/build/libdaisy.a(usbh_conf.o)
                              ../libDaisy/build/libdaisy.a(system.o) (hhcd_USB_OTG_HS)
../libDaisy/build/libdaisy.a(stm32h7xx_hal.o)
                              ../libDaisy/build/libdaisy.a(system.o) (HAL_Init)
../libDaisy/build/libdaisy.a(stm32h7xx_hal_adc.o)
                              ../libDaisy/build/libdaisy.a(adc.o) (HAL_ADC_ConfigChannel)
../libDaisy/build/libdaisy.a(stm32h7xx_hal_adc_ex.o)
                              ../libDaisy/build/libdaisy.a(adc.o) (HAL_ADCEx_Calibration_Start)
../libDaisy/build/libdaisy.a(stm32h7xx_hal_cortex.o)
                              ../libDaisy/build/libdaisy.a(stm32h7xx_hal.o) (HAL_NVIC_SetPriorityGrouping)
../libDaisy/build/libdaisy.a(stm32h7xx_hal_dac.o)
                              ../libDaisy/build/libdaisy.a(dac.o) (HAL_DAC_Init)
../libDaisy/build/libdaisy.a(stm32h7xx_hal_dac_ex.o)
                              ../libDaisy/build/libdaisy.a(stm32h7xx_hal_dac.o) (DAC_DMAConvCpltCh2)
../libDaisy/build/libdaisy.a(stm32h7xx_hal_dma.o)
                              ../libDaisy/build/libdaisy.a(adc.o) (HAL_DMA_Init)
../libDaisy/build/libdaisy.a(stm32h7xx_hal_gpio.o)
                              ../libDaisy/build/libdaisy.a(sdram.o) (HAL_GPIO_Init)
../libDaisy/build/libdaisy.a(stm32h7xx_hal_hcd.o)
                              ../libDaisy/build/libdaisy.a(usbh_conf.o) (HAL_HCD_HC_Init)
../libDaisy/build/libdaisy.a(stm32h7xx_hal_i2c.o)
                              ../libDaisy/build/libdaisy.a(i2c.o) (HAL_I2C_Init)
../libDaisy/build/libdaisy.a(stm32h7xx_hal_i2c_ex.o)
                              ../libDaisy/build/libdaisy.a(i2c.o) (HAL_I2CEx_ConfigAnalogFilter)
../libDaisy/build/libdaisy.a(stm32h7xx_hal_pcd.o)
                              ../libDaisy/build/libdaisy.a(usbd_conf.o) (HAL_PCD_Init)
../libDaisy/build/libdaisy.a(stm32h7xx_hal_pcd_ex.o)
                              ../libDaisy/build/libdaisy.a(usbd_conf.o) (HAL_PCDEx_SetTxFiFo)
../libDaisy/build/libdaisy.a(stm32h7xx_hal_pwr_ex.o)
                              ../libDaisy/build/libdaisy.a(system.o) (HAL_PWREx_ConfigSupply)
../libDaisy/build/libdaisy.a(stm32h7xx_hal_qspi.o)
                              ../libDaisy/build/libdaisy.a(qspi.o) (HAL_QSPI_Init)
../libDaisy/build/libdaisy.a(stm32h7xx_hal_rcc.o)
                              ../libDaisy/build/libdaisy.a(system.o) (HAL_RCC_OscConfig)
../libDaisy/build/libdaisy.a(stm32h7xx_hal_rcc_ex.o)
                              ../libDaisy/build/libdaisy.a(system.o) (HAL_RCCEx_PeriphCLKConfig)
../libDaisy/build/libdaisy.a(stm32h7xx_hal_sai.o)
                              ../libDaisy/build/libdaisy.a(sai.o) (HAL_SAI_InitProtocol)
[...]
Memory Configuration

Name             Origin             Length             Attributes
FLASH            0x08000000         0x00020000         xr
DTCMRAM          0x20000000         0x00020000         xrw
SRAM             0x24000000         0x00078000         xrw
RAM_D2_DMA       0x30000000         0x00008000         xrw
RAM_D2           0x30008000         0x00040000         xrw
RAM_D3           0x38000000         0x00010000         xrw
BACKUP_SRAM      0x38800000         0x00001000         xrw
ITCMRAM          0x00000000         0x00010000         xrw
SDRAM            0xc0000000         0x04000000         xrw
QSPIFLASH        0x90040000         0x007c0000         xr
*default*        0x00000000         0xffffffff

Linker script and memory map

LOAD /Applications/ArmGNUToolchain/14.2.rel1/arm-none-eabi/bin/../lib/gcc/arm-none-eabi/14.2.1/thumb/v7e-m+dp/hard/crti.o
LOAD /Applications/ArmGNUToolchain/14.2.rel1/arm-none-eabi/bin/../lib/gcc/arm-none-eabi/14.2.1/thumb/v7e-m+dp/hard/crtbegin.o
LOAD /Applications/ArmGNUToolchain/14.2.rel1/arm-none-eabi/bin/../lib/gcc/arm-none-eabi/14.2.1/../../../../arm-none-eabi/lib/thumb/v7e-m+dp/hard/crt0.o
LOAD build/startup_stm32h750xx.o
LOAD build/plaits_daisy.o
LOAD build/voice.o
LOAD build/chord_bank.o
LOAD build/additive_engine.o
LOAD build/bass_drum_engine.o
LOAD build/chord_engine.o
LOAD build/fm_engine.o
LOAD build/grain_engine.o
LOAD build/hi_hat_engine.o
LOAD build/modal_engine.o
LOAD build/noise_engine.o
LOAD build/particle_engine.o
LOAD build/snare_drum_engine.o
LOAD build/speech_engine.o
LOAD build/string_engine.o
LOAD build/swarm_engine.o
LOAD build/virtual_analog_engine.o
LOAD build/waveshaping_engine.o
LOAD build/wavetable_engine.o
LOAD build/chiptune_engine.o
LOAD build/phase_distortion_engine.o
LOAD build/six_op_engine.o
LOAD build/string_machine_engine.o
LOAD build/virtual_analog_vcf_engine.o
LOAD build/wave_terrain_engine.o
LOAD build/algorithms.o
LOAD build/dx_units.o
LOAD build/modal_voice.o
LOAD build/resonator.o
LOAD build/string.o
LOAD build/string_voice.o
LOAD build/lpc_speech_synth.o
LOAD build/lpc_speech_synth_controller.o
LOAD build/lpc_speech_synth_phonemes.o
LOAD build/lpc_speech_synth_words.o
LOAD build/naive_speech_synth.o
LOAD build/sam_speech_synth.o
LOAD build/resources.o
LOAD build/atan.o
LOAD build/units.o
LOAD build/random.o
LOAD ../libDaisy/build/libdaisy.a
LOAD /Applications/ArmGNUToolchain/14.2.rel1/arm-none-eabi/bin/../lib/gcc/arm-none-eabi/14.2.1/../../../../arm-none-eabi/lib/thumb/v7e-m+dp/hard/libnosys.a
LOAD ../DaisySP/build/libdaisysp.a
LOAD /Applications/ArmGNUToolchain/14.2.rel1/arm-none-eabi/bin/../lib/gcc/arm-none-eabi/14.2.1/../../../../arm-none-eabi/lib/thumb/v7e-m+dp/hard/libstdc++_nano.a
LOAD /Applications/ArmGNUToolchain/14.2.rel1/arm-none-eabi/bin/../lib/gcc/arm-none-eabi/14.2.1/../../../../arm-none-eabi/lib/thumb/v7e-m+dp/hard/libm.a
LOAD /Applications/ArmGNUToolchain/14.2.rel1/arm-none-eabi/bin/../lib/gcc/arm-none-eabi/14.2.1/../../../../arm-none-eabi/lib/thumb/v7e-m+dp/hard/libc_nano.a
START GROUP
LOAD /Applications/ArmGNUToolchain/14.2.rel1/arm-none-eabi/bin/../lib/gcc/arm-none-eabi/14.2.1/thumb/v7e-m+dp/hard/libgcc.a
LOAD /Applications/ArmGNUToolchain/14.2.rel1/arm-none-eabi/bin/../lib/gcc/arm-none-eabi/14.2.1/../../../../arm-none-eabi/lib/thumb/v7e-m+dp/hard/libc_nano.a
END GROUP
START GROUP
LOAD /Applications/ArmGNUToolchain/14.2.rel1/arm-none-eabi/bin/../lib/gcc/arm-none-eabi/14.2.1/thumb/v7e-m+dp/hard/libgcc.a
LOAD /Applications/ArmGNUToolchain/14.2.rel1/arm-none-eabi/bin/../lib/gcc/arm-none-eabi/14.2.1/../../../../arm-none-eabi/lib/thumb/v7e-m+dp/hard/libc_nano.a
LOAD /Applications/ArmGNUToolchain/14.2.rel1/arm-none-eabi/bin/../lib/gcc/arm-none-eabi/14.2.1/../../../../arm-none-eabi/lib/thumb/v7e-m+dp/hard/libnosys.a
END GROUP
START GROUP
LOAD /Applications/ArmGNUToolchain/14.2.rel1/arm-none-eabi/bin/../lib/gcc/arm-none-eabi/14.2.1/thumb/v7e-m+dp/hard/libgcc.a
LOAD /Applications/ArmGNUToolchain/14.2.rel1/arm-none-eabi/bin/../lib/gcc/arm-none-eabi/14.2.1/../../../../arm-none-eabi/lib/thumb/v7e-m+dp/hard/libc_nano.a
LOAD /Applications/ArmGNUToolchain/14.2.rel1/arm-none-eabi/bin/../lib/gcc/arm-none-eabi/14.2.1/../../../../arm-none-eabi/lib/thumb/v7e-m+dp/hard/libnosys.a
END GROUP
LOAD /Applications/ArmGNUToolchain/14.2.rel1/arm-none-eabi/bin/../lib/gcc/arm-none-eabi/14.2.1/thumb/v7e-m+dp/hard/crtend.o
LOAD /Applications/ArmGNUToolchain/14.2.rel1/arm-none-eabi/bin/../lib/gcc/arm-none-eabi/14.2.1/thumb/v7e-m+dp/hard/crtn.o
                0x20020000                        _estack = 0x20020000

.isr_vector     0x24000000      0x298
                0x24000000                        . = ALIGN (0x4)
 *(.isr_vector)
 .isr_vector    0x24000000      0x298 build/startup_stm32h750xx.o
                0x24000000                g_pfnVectors
                0x24000298                        . = ALIGN (0x4)

.text           0x24000298    0x3706c
                0x24000298                        . = ALIGN (0x4)
                0x24000298                        _stext = .
 *(.text)
 .text          0x24000298       0x30 /Applications/ArmGNUToolchain/14.2.rel1/arm-none-eabi/bin/../lib/gcc/arm-none-eabi/14.2.1/thumb/v7e-m+dp/hard/libgcc.a(_aeabi_uldivmod.o)
                0x24000298                __aeabi_uldivmod
 .text          0x240002c8        0x4 /Applications/ArmGNUToolchain/14.2.rel1/arm-none-eabi/bin/../lib/gcc/arm-none-eabi/14.2.1/thumb/v7e-m+dp/hard/libgcc.a(_dvmd_tls.o)
                0x240002c8                __aeabi_ldiv0
                0x240002c8                __aeabi_idiv0
 *(.text*)
 .text.deregister_tm_clones
                0x240002cc       0x1c /Applications/ArmGNUToolchain/14.2.rel1/arm-none-eabi/bin/../lib/gcc/arm-none-eabi/14.2.1/thumb/v7e-m+dp/hard/crtbegin.o
 .text.register_tm_clones
                0x240002e8       0x24 /Applications/ArmGNUToolchain/14.2.rel1/arm-none-eabi/bin/../lib/gcc/arm-none-eabi/14.2.1/thumb/v7e-m+dp/hard/crtbegin.o
 .text.__do_global_dtors_aux
                0x2400030c       0x28 /Applications/ArmGNUToolchain/14.2.rel1/arm-none-eabi/bin/../lib/gcc/arm-none-eabi/14.2.1/thumb/v7e-m+dp/hard/crtbegin.o
 .text.frame_dummy
                0x24000334       0x24 /Applications/ArmGNUToolchain/14.2.rel1/arm-none-eabi/bin/../lib/gcc/arm-none-eabi/14.2.1/thumb/v7e-m+dp/hard/crtbegin.o
 .text.Default_Handler
                0x24000358        0xa build/startup_stm32h750xx.o
                0x24000358                SAI1_IRQHandler
                0x24000358                HASH_RNG_IRQHandler
                0x24000358                EXTI2_IRQHandler
                0x24000358                TIM8_CC_IRQHandler
                0x24000358                HRTIM1_Master_IRQHandler
                0x24000358                DebugMon_Handler
                0x24000358                TIM1_CC_IRQHandler
                0x24000358                BDMA_Channel6_IRQHandler
                0x24000358                DMA2_Stream5_IRQHandler
                0x24000358                HRTIM1_FLT_IRQHandler
                0x24000358                JPEG_IRQHandler
                0x24000358                BDMA_Channel1_IRQHandler
                0x24000358                HRTIM1_TIMD_IRQHandler
                0x24000358                TAMP_STAMP_IRQHandler
                0x24000358                PendSV_Handler
                0x24000358                NMI_Handler
                0x24000358                EXTI3_IRQHandler
                0x24000358                LPTIM4_IRQHandler
                0x24000358                TIM8_TRG_COM_TIM14_IRQHandler
                0x24000358                LPTIM2_IRQHandler
                0x24000358                DFSDM1_FLT1_IRQHandler
                0x24000358                DMAMUX2_OVR_IRQHandler
                0x24000358                TIM8_UP_TIM13_IRQHandler
                0x24000358                I2C3_ER_IRQHandler
                0x24000358                DFSDM1_FLT2_IRQHandler
                0x24000358                MDMA_IRQHandler
                0x24000358                LPTIM3_IRQHandler
                0x24000358                HSEM1_IRQHandler
                0x24000358                EXTI0_IRQHandler
                0x24000358                FPU_IRQHandler
                0x24000358                OTG_HS_WKUP_IRQHandler
                0x24000358                FDCAN1_IT1_IRQHandler
                0x24000358                UsageFault_Handler
                0x24000358                LTDC_ER_IRQHandler
                0x24000358                HRTIM1_TIME_IRQHandler
                0x24000358                DCMI_IRQHandler
                0x24000358                HRTIM1_TIMC_IRQHandler
                0x24000358                SAI2_IRQHandler
                0x24000358                DFSDM1_FLT3_IRQHandler
                0x24000358                TIM17_IRQHandler
                0x24000358                CRYP_IRQHandler
                0x24000358                BDMA_Channel7_IRQHandler
                0x24000358                LPTIM5_IRQHandler
                0x24000358                ADC3_IRQHandler
                0x24000358                BDMA_Channel2_IRQHandler
                0x24000358                DMAMUX1_OVR_IRQHandler
                0x24000358                TIM16_IRQHandler
                0x24000358                BDMA_Channel5_IRQHandler
                0x24000358                RCC_IRQHandler
                0x24000358                TIM8_BRK_TIM12_IRQHandler
                0x24000358                TIM1_TRG_COM_IRQHandler
                0x24000358                Default_Handler
                0x24000358                ECC_IRQHandler
                0x24000358                CEC_IRQHandler
                0x24000358                EXTI15_10_IRQHandler
                0x24000358                BDMA_Channel0_IRQHandler
                0x24000358                ADC_IRQHandler
                0x24000358                DMA1_Stream7_IRQHandler
                0x24000358                HRTIM1_TIMA_IRQHandler
                0x24000358                TIM7_IRQHandler
                0x24000358                SDMMC1_IRQHandler
                0x24000358                DMA2_Stream7_IRQHandler
                0x24000358                TIM15_IRQHandler
                0x24000358                PVD_AVD_IRQHandler
                0x24000358                EXTI9_5_IRQHandler
                0x24000358                RTC_WKUP_IRQHandler
                0x24000358                LTDC_IRQHandler
                0x24000358                SAI3_IRQHandler
                0x24000358                ETH_WKUP_IRQHandler
                0x24000358                SPDIF_RX_IRQHandler
                0x24000358                MemManage_Handler
                0x24000358                SVC_Handler
                0x24000358                CRS_IRQHandler
                0x24000358                EXTI4_IRQHandler
                0x24000358                HRTIM1_TIMB_IRQHandler
                0x24000358                FDCAN2_IT1_IRQHandler
                0x24000358                ETH_IRQHandler
                0x24000358                TIM1_UP_IRQHandler
                0x24000358                BDMA_Channel4_IRQHandler
                0x24000358                WWDG_IRQHandler
                0x24000358                SPI6_IRQHandler
                0x24000358                I2C4_EV_IRQHandler
                0x24000358                MDIOS_IRQHandler
                0x24000358                FDCAN2_IT0_IRQHandler
                0x24000358                FDCAN1_IT0_IRQHandler
                0x24000358                OTG_FS_WKUP_IRQHandler
                0x24000358                DMA2D_IRQHandler
                0x24000358                TIM1_BRK_IRQHandler
                0x24000358                EXTI1_IRQHandler
                0x24000358                SDMMC2_IRQHandler
                0x24000358                OTG_FS_EP1_OUT_IRQHandler
                0x24000358                BDMA_Channel3_IRQHandler
                0x24000358                MDIOS_WKUP_IRQHandler
                0x24000358                DFSDM1_FLT0_IRQHandler
                0x24000358                SAI4_IRQHandler
                0x24000358                I2C2_ER_IRQHandler
                0x24000358                FLASH_IRQHandler
                0x24000358                BusFault_Handler
                0x24000358                OTG_FS_IRQHandler
                0x24000358                WAKEUP_PIN_IRQHandler
                0x24000358                OTG_FS_EP1_IN_IRQHandler
                0x24000358                I2C1_ER_IRQHandler
                0x24000358                FMC_IRQHandler
                0x24000358                FDCAN_CAL_IRQHandler
                0x24000358                SWPMI1_IRQHandler
                0x24000358                COMP1_IRQHandler
                0x24000358                LPTIM1_IRQHandler
                0x24000358                I2C4_ER_IRQHandler
                0x24000358                DMA2_Stream6_IRQHandler
                0x24000358                RTC_Alarm_IRQHandler
 *fill*         0x24000362        0x2 
 .text.Reset_Handler
                0x24000364       0x44 build/startup_stm32h750xx.o
                0x24000364                Reset_Handler
 .text._ZN5daisy8patch_sm12DaisyPatchSMD2Ev
                0x240003a8        0x2 build/plaits_daisy.o
                0x240003a8                daisy::patch_sm::DaisyPatchSM::~DaisyPatchSM()
                0x240003a8                daisy::patch_sm::DaisyPatchSM::~DaisyPatchSM()
 .text._ZN6plaits5VoiceD2Ev
                0x240003aa        0x2 build/plaits_daisy.o
                0x240003aa                plaits::Voice::~Voice()
                0x240003aa                plaits::Voice::~Voice()
 .text._Z13AudioCallbackPKPKfPPfj
                0x240003ac       0xd4 build/plaits_daisy.o
                0x240003ac                AudioCallback(float const* const*, float**, unsigned int)
 .text._Z9InitPatchv
                0x24000480       0x2c build/plaits_daisy.o
                0x24000480                InitPatch()
 .text._Z15InitModulationsv
                0x240004ac       0x28 build/plaits_daisy.o
                0x240004ac                InitModulations()
 .text.startup.main
                0x240004d4       0x6c build/plaits_daisy.o
                0x240004d4                main
 .text.startup._GLOBAL__sub_I_hw
                0x24000540      0x14c build/plaits_daisy.o
 .text._ZN6stmlib16SemitonesToRatioEf
                0x2400068c       0x48 build/voice.o
                0x2400068c                stmlib::SemitonesToRatio(float)
 .text._ZN6plaits11LPGEnvelope9ProcessLPEffff
                0x240006d4       0x80 build/voice.o
                0x240006d4                plaits::LPGEnvelope::ProcessLP(float, float, float, float)
 .text._ZN6plaits20ChannelPostProcessor4InitEv
                0x24000754       0x28 build/voice.o
                0x24000754                plaits::ChannelPostProcessor::Init()
 .text._ZN6plaits20ChannelPostProcessor7ProcessEfbfffPfPsjj
                0x2400077c      0x180 build/voice.o
                0x2400077c                plaits::ChannelPostProcessor::Process(float, bool, float, float, float, float*, short*, unsigned int, unsigned int)
 .text._ZN6plaits5Voice6RenderERKNS_5PatchERKNS_11ModulationsEPNS0_5FrameEj
                0x240008fc      0x5fc build/voice.o
                0x240008fc                plaits::Voice::Render(plaits::Patch const&, plaits::Modulations const&, plaits::Voice::Frame*, unsigned int)
 .text._ZN6plaits14EngineRegistryILi24EE16RegisterInstanceEPNS_6EngineEbff
                0x24000ef8       0x1a build/voice.o
                0x24000ef8                plaits::EngineRegistry<24>::RegisterInstance(plaits::Engine*, bool, float, float)
 *fill*         0x24000f12        0x2 
 .text._ZN6plaits5Voice4InitEPN6stmlib15BufferAllocatorE
                0x24000f14      0x2cc build/voice.o
                0x24000f14                plaits::Voice::Init(stmlib::BufferAllocator*)
 .text._ZSt13__adjust_heapIPfifN9__gnu_cxx5__ops15_Iter_less_iterEEvT_T0_S5_T1_T2_.isra.0
                0x240011e0       0x98 build/chord_bank.o
 .text._ZSt16__insertion_sortIPfN9__gnu_cxx5__ops15_Iter_less_iterEEvT_S4_T0_.isra.0
                0x24001278       0x6e build/chord_bank.o
 .text._ZSt16__introsort_loopIPfiN9__gnu_cxx5__ops15_Iter_less_iterEEvT_S4_T0_T1_.isra.0
                0x240012e6       0xf8 build/chord_bank.o
 .text._ZN6plaits9ChordBank4SortEv
                0x240013de       0x4c build/chord_bank.o
                0x240013de                plaits::ChordBank::Sort()
 *fill*         0x2400142a        0x2 
 .text._ZN6plaits9ChordBank4InitEPN6stmlib15BufferAllocatorE
                0x2400142c       0x6c build/chord_bank.o
                0x2400142c                plaits::ChordBank::Init(stmlib::BufferAllocator*)
 .text._ZN6plaits9ChordBank5ResetEv
                0x24001498       0xc8 build/chord_bank.o
                0x24001498                plaits::ChordBank::Reset()
 .text._ZN6plaits9ChordBank21ComputeChordInversionEfPfS1_
                0x24001560      0x124 build/chord_bank.o
                0x24001560                plaits::ChordBank::ComputeChordInversion(float, float*, float*)
 .text._ZN6plaits14AdditiveEngine12LoadUserDataEPKh
                0x24001684        0x2 build/additive_engine.o
                0x24001684                plaits::AdditiveEngine::LoadUserData(unsigned char const*)
 .text._ZN6plaits14AdditiveEngine4InitEPN6stmlib15BufferAllocatorE
                0x24001686       0x44 build/additive_engine.o
                0x24001686                plaits::AdditiveEngine::Init(stmlib::BufferAllocator*)
 .text._ZN6plaits14AdditiveEngine5ResetEv
                0x240016ca       0x16 build/additive_engine.o
                0x240016ca                plaits::AdditiveEngine::Reset()
 .text._ZN6plaits4SineEf
                0x240016e0       0x44 build/additive_engine.o
                0x240016e0                plaits::Sine(float)
 .text._ZN6plaits10SineNoWrapEf
                0x24001724       0x38 build/additive_engine.o
                0x24001724                plaits::SineNoWrap(float)
 .text._ZN6plaits14AdditiveEngine16UpdateAmplitudesEfffPfPKij
                0x2400175c       0xe0 build/additive_engine.o
                0x2400175c                plaits::AdditiveEngine::UpdateAmplitudes(float, float, float, float*, int const*, unsigned int)
 .text._ZN6plaits18HarmonicOscillatorILi12EE6RenderILi1EEEvfPKfPfj
                0x2400183c      0x118 build/additive_engine.o
                0x2400183c                void plaits::HarmonicOscillator<12>::Render<1>(float, float const*, float*, unsigned int)
 .text._ZN6plaits18HarmonicOscillatorILi12EE6RenderILi13EEEvfPKfPfj
                0x24001954      0x13c build/additive_engine.o
                0x24001954                void plaits::HarmonicOscillator<12>::Render<13>(float, float const*, float*, unsigned int)
 .text._ZN6plaits14AdditiveEngine6RenderERKNS_16EngineParametersEPfS4_jPb
                0x24001a90      0x15c build/additive_engine.o
                0x24001a90                plaits::AdditiveEngine::Render(plaits::EngineParameters const&, float*, float*, unsigned int, bool*)
 .text._ZN6plaits14BassDrumEngine12LoadUserDataEPKh
                0x24001bec        0x2 build/bass_drum_engine.o
                0x24001bec                plaits::BassDrumEngine::LoadUserData(unsigned char const*)
 .text._ZN6plaits14BassDrumEngine5ResetEv
                0x24001bee        0x2 build/bass_drum_engine.o
                0x24001bee                plaits::BassDrumEngine::Reset()
 .text._ZN6plaits17SyntheticBassDrum13DistortedSineEfff.isra.0
                0x24001bf0       0xa4 build/bass_drum_engine.o
 .text._ZN6stmlib8SoftClipEf
                0x24001c94       0x4a build/bass_drum_engine.o
                0x24001c94                stmlib::SoftClip(float)
 *fill*         0x24001cde        0x2 
 .text._ZN6stmlib3Svf4InitEv
                0x24001ce0       0x20 build/bass_drum_engine.o
                0x24001ce0                stmlib::Svf::Init()
 .text._ZN6plaits14BassDrumEngine4InitEPN6stmlib15BufferAllocatorE
                0x24001d00       0x80 build/bass_drum_engine.o
                0x24001d00                plaits::BassDrumEngine::Init(stmlib::BufferAllocator*)
 .text._ZN6plaits14AnalogBassDrum6RenderEbbffffffPfj
                0x24001d80      0x318 build/bass_drum_engine.o
                0x24001d80                plaits::AnalogBassDrum::Render(bool, bool, float, float, float, float, float, float, float*, unsigned int)
 .text._ZN6stmlib6Random8GetFloatEv
                0x24002098       0x30 build/bass_drum_engine.o
                0x24002098                stmlib::Random::GetFloat()
 .text._ZN6plaits17SyntheticBassDrum6RenderEbbfffffffPfj
                0x240020c8      0x3b8 build/bass_drum_engine.o
                0x240020c8                plaits::SyntheticBassDrum::Render(bool, bool, float, float, float, float, float, float, float, float*, unsigned int)
 .text._ZN6plaits14BassDrumEngine6RenderERKNS_16EngineParametersEPfS4_jPb
                0x24002480      0x218 build/bass_drum_engine.o
                0x24002480                plaits::BassDrumEngine::Render(plaits::EngineParameters const&, float*, float*, unsigned int, bool*)
 .text._ZN6plaits11ChordEngine12LoadUserDataEPKh
                0x24002698        0x2 build/chord_engine.o
                0x24002698                plaits::ChordEngine::LoadUserData(unsigned char const*)
 *fill*         0x2400269a        0x2 
 .text._ZN6plaits11ChordEngine4InitEPN6stmlib15BufferAllocatorE
                0x2400269c       0x64 build/chord_engine.o
                0x2400269c                plaits::ChordEngine::Init(stmlib::BufferAllocator*)
 .text._ZN6plaits11ChordEngine5ResetEv
                0x24002700        0x8 build/chord_engine.o
                0x24002700                plaits::ChordEngine::Reset()
 .text._ZN6plaits21StringSynthOscillator6RenderEfPKffPfj
                0x24002708      0x240 build/chord_engine.o
                0x24002708                plaits::StringSynthOscillator::Render(float, float const*, float, float*, unsigned int)
 .text._ZN6plaits11ChordEngine19ComputeRegistrationEfPf
                0x24002948       0x44 build/chord_engine.o
                0x24002948                plaits::ChordEngine::ComputeRegistration(float, float*)
 .text._ZN6plaits15InterpolateWaveIsEEfPKT_lf
                0x2400298c       0x2a build/chord_engine.o
                0x2400298c                float plaits::InterpolateWave<short>(short const*, long, float)
 *fill*         0x240029b6        0x2 
 .text._ZN6plaits19WavetableOscillatorILj128ELj15ELb1ELb1EE6RenderEfffPKPKsPfj
                0x240029b8      0x178 build/chord_engine.o
                0x240029b8                plaits::WavetableOscillator<128u, 15u, true, true>::Render(float, float, float, short const* const*, float*, unsigned int)
 .text._ZN6plaits11ChordEngine6RenderERKNS_16EngineParametersEPfS4_jPb
                0x24002b30      0x310 build/chord_engine.o
                0x24002b30                plaits::ChordEngine::Render(plaits::EngineParameters const&, float*, float*, unsigned int, bool*)
 .text._ZN6plaits8FMEngine12LoadUserDataEPKh
                0x24002e40        0x2 build/fm_engine.o
                0x24002e40                plaits::FMEngine::LoadUserData(unsigned char const*)
 *fill*         0x24002e42        0x2 
 .text._ZN6plaits8FMEngine4InitEPN6stmlib15BufferAllocatorE
                0x24002e44       0x1c build/fm_engine.o
                0x24002e44                plaits::FMEngine::Init(stmlib::BufferAllocator*)
 .text._ZN6plaits8FMEngine5ResetEv
                0x24002e60        0x2 build/fm_engine.o
                0x24002e60                plaits::FMEngine::Reset()
 *fill*         0x24002e62        0x2 
 .text._ZN6plaits15NoteToFrequencyEf
                0x24002e64       0x80 build/fm_engine.o
                0x24002e64                plaits::NoteToFrequency(float)
 .text._ZN6plaits6SinePMEmf
                0x24002ee4       0x58 build/fm_engine.o
                0x24002ee4                plaits::SinePM(unsigned long, float)
 .text._ZN6plaits8FMEngine6RenderERKNS_16EngineParametersEPfS4_jPb
                0x24002f3c      0x28c build/fm_engine.o
                0x24002f3c                plaits::FMEngine::Render(plaits::EngineParameters const&, float*, float*, unsigned int, bool*)
 .text._ZN6plaits11GrainEngine12LoadUserDataEPKh
                0x240031c8        0x2 build/grain_engine.o
                0x240031c8                plaits::GrainEngine::LoadUserData(unsigned char const*)
 .text._ZN6plaits11GrainEngine5ResetEv
                0x240031ca        0x2 build/grain_engine.o
                0x240031ca                plaits::GrainEngine::Reset()
 .text._ZN6plaits11GrainEngine4InitEPN6stmlib15BufferAllocatorE
                0x240031cc       0x48 build/grain_engine.o
                0x240031cc                plaits::GrainEngine::Init(stmlib::BufferAllocator*)
 .text._ZN6plaits11ZOscillator1ZEfffff.isra.0
                0x24003214       0xfc build/grain_engine.o
 .text._ZN6plaits18GrainletOscillator8GrainletEffff.isra.0
                0x24003310      0x108 build/grain_engine.o
 .text._ZN6plaits18GrainletOscillator6RenderEffffPfj
                0x24003418      0x160 build/grain_engine.o
                0x24003418                plaits::GrainletOscillator::Render(float, float, float, float, float*, unsigned int)
 .text._ZN6plaits11ZOscillator6RenderEffffPfj
                0x24003578      0x1dc build/grain_engine.o
                0x24003578                plaits::ZOscillator::Render(float, float, float, float, float*, unsigned int)
 .text._ZN6plaits11GrainEngine6RenderERKNS_16EngineParametersEPfS4_jPb
                0x24003754      0x1e4 build/grain_engine.o
                0x24003754                plaits::GrainEngine::Render(plaits::EngineParameters const&, float*, float*, unsigned int, bool*)
 .text._ZN6plaits11HiHatEngine12LoadUserDataEPKh
                0x24003938        0x2 build/hi_hat_engine.o
                0x24003938                plaits::HiHatEngine::LoadUserData(unsigned char const*)
 .text._ZN6plaits11HiHatEngine5ResetEv
                0x2400393a        0x2 build/hi_hat_engine.o
                0x2400393a                plaits::HiHatEngine::Reset()
 .text._ZN6plaits11HiHatEngine4InitEPN6stmlib15BufferAllocatorE
                0x2400393c       0x94 build/hi_hat_engine.o
                0x2400393c                plaits::HiHatEngine::Init(stmlib::BufferAllocator*)
 .text._ZN6plaits12RingModNoise6RenderEfPfS1_S1_j
                0x240039d0      0x288 build/hi_hat_engine.o
                0x240039d0                plaits::RingModNoise::Render(float, float*, float*, float*, unsigned int)
 .text._ZN6stmlib3Svf7set_f_qILNS_22FrequencyApproximationE1EEEvff
                0x24003c58       0x74 build/hi_hat_engine.o
                0x24003c58                void stmlib::Svf::set_f_q<(stmlib::FrequencyApproximation)1>(float, float)
 .text._ZN6stmlib3Svf7ProcessILNS_10FilterModeE1EEEvPKfPfj
                0x24003ccc       0x50 build/hi_hat_engine.o
                0x24003ccc                void stmlib::Svf::Process<(stmlib::FilterMode)1>(float const*, float*, unsigned int)
 .text._ZN6stmlib3Svf7ProcessILNS_10FilterModeE3EEEvPKfPfj
                0x24003d1c       0x50 build/hi_hat_engine.o
                0x24003d1c                void stmlib::Svf::Process<(stmlib::FilterMode)3>(float const*, float*, unsigned int)
 .text._ZN6plaits5HiHatINS_12RingModNoiseENS_9LinearVCAELb0ELb1EE6RenderEbbfffffPfS4_S4_j
                0x24003d6c      0x228 build/hi_hat_engine.o
                0x24003d6c                plaits::HiHat<plaits::RingModNoise, plaits::LinearVCA, false, true>::Render(bool, bool, float, float, float, float, float, float*, float*, float*, unsigned int)
 .text._ZN6plaits11HiHatEngine6RenderERKNS_16EngineParametersEPfS4_jPb
                0x24003f94      0x42c build/hi_hat_engine.o
                0x24003f94                plaits::HiHatEngine::Render(plaits::EngineParameters const&, float*, float*, unsigned int, bool*)
 .text._ZN6plaits11ModalEngine12LoadUserDataEPKh
                0x240043c0        0x2 build/modal_engine.o
                0x240043c0                plaits::ModalEngine::LoadUserData(unsigned char const*)
 .text._ZN6plaits11ModalEngine4InitEPN6stmlib15BufferAllocatorE
                0x240043c2       0x30 build/modal_engine.o
                0x240043c2                plaits::ModalEngine::Init(stmlib::BufferAllocator*)
 .text._ZN6plaits11ModalEngine5ResetEv
                0x240043f2        0x6 build/modal_engine.o
                0x240043f2                plaits::ModalEngine::Reset()
 .text._ZN6plaits11ModalEngine6RenderERKNS_16EngineParametersEPfS4_jPb
                0x240043f8      0x100 build/modal_engine.o
                0x240043f8                plaits::ModalEngine::Render(plaits::EngineParameters const&, float*, float*, unsigned int, bool*)
 .text._ZN6plaits11NoiseEngine12LoadUserDataEPKh
                0x240044f8        0x2 build/noise_engine.o
                0x240044f8                plaits::NoiseEngine::LoadUserData(unsigned char const*)
 .text._ZN6plaits11NoiseEngine5ResetEv
                0x240044fa        0x2 build/noise_engine.o
                0x240044fa                plaits::NoiseEngine::Reset()
 .text._ZN6plaits11NoiseEngine4InitEPN6stmlib15BufferAllocatorE
                0x240044fc       0x68 build/noise_engine.o
                0x240044fc                plaits::NoiseEngine::Init(stmlib::BufferAllocator*)
 .text._ZN6plaits12ClockedNoise6RenderEbfPfj
                0x24004564      0x134 build/noise_engine.o
                0x24004564                plaits::ClockedNoise::Render(bool, float, float*, unsigned int)
 .text._ZN6stmlib3Svf7ProcessILNS_10FilterModeE1EEEff
                0x24004698       0x46 build/noise_engine.o
                0x24004698                float stmlib::Svf::Process<(stmlib::FilterMode)1>(float)
 *fill*         0x240046de        0x2 
 .text._ZN6plaits11NoiseEngine6RenderERKNS_16EngineParametersEPfS4_jPb
                0x240046e0      0x23c build/noise_engine.o
                0x240046e0                plaits::NoiseEngine::Render(plaits::EngineParameters const&, float*, float*, unsigned int, bool*)
 .text._ZN6plaits14ParticleEngine12LoadUserDataEPKh
                0x2400491c        0x2 build/particle_engine.o
                0x2400491c                plaits::ParticleEngine::LoadUserData(unsigned char const*)
 .text._ZN6plaits14ParticleEngine5ResetEv
                0x2400491e       0x1c build/particle_engine.o
                0x2400491e                plaits::ParticleEngine::Reset()
 *fill*         0x2400493a        0x2 
 .text._ZN6plaits8Diffuser7ProcessEffPfj
                0x2400493c      0x2dc build/particle_engine.o
                0x2400493c                plaits::Diffuser::Process(float, float, float*, unsigned int)
 .text._ZN6stmlib3Svf7set_f_qILNS_22FrequencyApproximationE3EEEvff
                0x24004c18       0x44 build/particle_engine.o
                0x24004c18                void stmlib::Svf::set_f_q<(stmlib::FrequencyApproximation)3>(float, float)
 .text._ZN6plaits14ParticleEngine6RenderERKNS_16EngineParametersEPfS4_jPb
                0x24004c5c      0x29c build/particle_engine.o
                0x24004c5c                plaits::ParticleEngine::Render(plaits::EngineParameters const&, float*, float*, unsigned int, bool*)
 .text._ZN6plaits14ParticleEngine4InitEPN6stmlib15BufferAllocatorE
                0x24004ef8       0x9c build/particle_engine.o
                0x24004ef8                plaits::ParticleEngine::Init(stmlib::BufferAllocator*)
 .text._ZN6plaits15SnareDrumEngine12LoadUserDataEPKh
                0x24004f94        0x2 build/snare_drum_engine.o
                0x24004f94                plaits::SnareDrumEngine::LoadUserData(unsigned char const*)
 .text._ZN6plaits15SnareDrumEngine5ResetEv
                0x24004f96        0x2 build/snare_drum_engine.o
                0x24004f96                plaits::SnareDrumEngine::Reset()
 .text._ZN6plaits15SnareDrumEngine4InitEPN6stmlib15BufferAllocatorE
                0x24004f98       0x90 build/snare_drum_engine.o
                0x24004f98                plaits::SnareDrumEngine::Init(stmlib::BufferAllocator*)
 .text._ZN6stmlib3Svf7set_f_qILNS_22FrequencyApproximationE2EEEvff
                0x24005028       0x50 build/snare_drum_engine.o
                0x24005028                void stmlib::Svf::set_f_q<(stmlib::FrequencyApproximation)2>(float, float)
 .text._ZN6plaits15AnalogSnareDrum6RenderEbbfffffPfj
                0x24005078      0x3f0 build/snare_drum_engine.o
                0x24005078                plaits::AnalogSnareDrum::Render(bool, bool, float, float, float, float, float, float*, unsigned int)
 .text._ZN6stmlib7OnePole5set_fILNS_22FrequencyApproximationE2EEEvf
                0x24005468       0x40 build/snare_drum_engine.o
                0x24005468                void stmlib::OnePole::set_f<(stmlib::FrequencyApproximation)2>(float)
 .text._ZN6plaits18SyntheticSnareDrum6RenderEbbfffffPfj
                0x240054a8      0x448 build/snare_drum_engine.o
                0x240054a8                plaits::SyntheticSnareDrum::Render(bool, bool, float, float, float, float, float, float*, unsigned int)
 .text._ZN6plaits15SnareDrumEngine6RenderERKNS_16EngineParametersEPfS4_jPb
                0x240058f0       0xb8 build/snare_drum_engine.o
                0x240058f0                plaits::SnareDrumEngine::Render(plaits::EngineParameters const&, float*, float*, unsigned int, bool*)
 .text._ZN6plaits12SpeechEngine12LoadUserDataEPKh
                0x240059a8        0x2 build/speech_engine.o
                0x240059a8                plaits::SpeechEngine::LoadUserData(unsigned char const*)
 .text._ZN6plaits12SpeechEngine5ResetEv
                0x240059aa        0x8 build/speech_engine.o
                0x240059aa                plaits::SpeechEngine::Reset()
 *fill*         0x240059b2        0x2 
 .text._ZN6plaits12SpeechEngine6RenderERKNS_16EngineParametersEPfS4_jPb
                0x240059b4      0x264 build/speech_engine.o
                0x240059b4                plaits::SpeechEngine::Render(plaits::EngineParameters const&, float*, float*, unsigned int, bool*)
 .text._ZN6plaits12SpeechEngine4InitEPN6stmlib15BufferAllocatorE
                0x24005c18       0x8c build/speech_engine.o
                0x24005c18                plaits::SpeechEngine::Init(stmlib::BufferAllocator*)
 .text._ZN6plaits12StringEngine12LoadUserDataEPKh
                0x24005ca4        0x2 build/string_engine.o
                0x24005ca4                plaits::StringEngine::LoadUserData(unsigned char const*)
 *fill*         0x24005ca6        0x2 
 .text._ZN6plaits12StringEngine6RenderERKNS_16EngineParametersEPfS4_jPb
                0x24005ca8      0x190 build/string_engine.o
                0x24005ca8                plaits::StringEngine::Render(plaits::EngineParameters const&, float*, float*, unsigned int, bool*)
 .text._ZN6plaits9DelayLineIfLj16EE5ResetEv
                0x24005e38       0x18 build/string_engine.o
                0x24005e38                plaits::DelayLine<float, 16u>::Reset()
 .text._ZN6plaits12StringEngine4InitEPN6stmlib15BufferAllocatorE
                0x24005e50       0x80 build/string_engine.o
                0x24005e50                plaits::StringEngine::Init(stmlib::BufferAllocator*)
 .text._ZN6plaits12StringEngine5ResetEv
                0x24005ed0       0x28 build/string_engine.o
                0x24005ed0                plaits::StringEngine::Reset()
 .text._ZN6plaits11SwarmEngine12LoadUserDataEPKh
                0x24005ef8        0x2 build/swarm_engine.o
                0x24005ef8                plaits::SwarmEngine::LoadUserData(unsigned char const*)
 *fill*         0x24005efa        0x2 
 .text._ZN6plaits11SwarmEngine5ResetEv
                0x24005efc       0x70 build/swarm_engine.o
                0x24005efc                plaits::SwarmEngine::Reset()
 .text._ZN6plaits11SwarmEngine4InitEPN6stmlib15BufferAllocatorE
                0x24005f6c       0x20 build/swarm_engine.o
                0x24005f6c                plaits::SwarmEngine::Init(stmlib::BufferAllocator*)
 .text._ZN6plaits11SwarmEngine6RenderERKNS_16EngineParametersEPfS4_jPb
                0x24005f8c      0x458 build/swarm_engine.o
                0x24005f8c                plaits::SwarmEngine::Render(plaits::EngineParameters const&, float*, float*, unsigned int, bool*)
 .text._ZN6plaits19VirtualAnalogEngine12LoadUserDataEPKh
                0x240063e4        0x2 build/virtual_analog_engine.o
                0x240063e4                plaits::VirtualAnalogEngine::LoadUserData(unsigned char const*)
 .text._ZN6plaits19VirtualAnalogEngine5ResetEv
                0x240063e6        0x2 build/virtual_analog_engine.o
                0x240063e6                plaits::VirtualAnalogEngine::Reset()
 .text._ZN6plaits19VirtualAnalogEngine4InitEPN6stmlib15BufferAllocatorE
                0x240063e8       0x98 build/virtual_analog_engine.o
                0x240063e8                plaits::VirtualAnalogEngine::Init(stmlib::BufferAllocator*)
 .text._ZN6stmlib24NextIntegratedBlepSampleEf
                0x24006480       0x22 build/virtual_analog_engine.o
                0x24006480                stmlib::NextIntegratedBlepSample(float)
 *fill*         0x240064a2        0x2 
 .text._ZN6plaits21VariableSawOscillator6RenderEfffPfj
                0x240064a4      0x1fc build/virtual_analog_engine.o
                0x240064a4                plaits::VariableSawOscillator::Render(float, float, float, float*, unsigned int)
 .text._ZN6plaits23VariableShapeOscillator6RenderEffffPfj
                0x240066a0      0x34c build/virtual_analog_engine.o
                0x240066a0                plaits::VariableShapeOscillator::Render(float, float, float, float, float*, unsigned int)
 .text._ZNK6plaits19VirtualAnalogEngine15ComputeDetuningEf
                0x240069ec       0xb4 build/virtual_analog_engine.o
                0x240069ec                plaits::VirtualAnalogEngine::ComputeDetuning(float) const
 .text._ZN6plaits19VirtualAnalogEngine6RenderERKNS_16EngineParametersEPfS4_jPb
                0x24006aa0      0x328 build/virtual_analog_engine.o
                0x24006aa0                plaits::VirtualAnalogEngine::Render(plaits::EngineParameters const&, float*, float*, unsigned int, bool*)
 .text._ZN6plaits17WaveshapingEngine12LoadUserDataEPKh
                0x24006dc8        0x2 build/waveshaping_engine.o
                0x24006dc8                plaits::WaveshapingEngine::LoadUserData(unsigned char const*)
 .text._ZN6plaits17WaveshapingEngine5ResetEv
                0x24006dca        0x2 build/waveshaping_engine.o
                0x24006dca                plaits::WaveshapingEngine::Reset()
 .text._ZN6plaits17WaveshapingEngine4InitEPN6stmlib15BufferAllocatorE
                0x24006dcc       0x3c build/waveshaping_engine.o
                0x24006dcc                plaits::WaveshapingEngine::Init(stmlib::BufferAllocator*)
 .text._ZN6stmlib18InterpolateHermiteEPKfff
                0x24006e08       0x64 build/waveshaping_engine.o
                0x24006e08                stmlib::InterpolateHermite(float const*, float, float)
 .text._ZN6plaits10Oscillator6RenderILNS_15OscillatorShapeE3ELb0ELb0EEEvffPKfPfj.isra.0
                0x24006e6c      0x164 build/waveshaping_engine.o
 .text._ZN6plaits4TameEfff
                0x24006fd0       0x4c build/waveshaping_engine.o
                0x24006fd0                plaits::Tame(float, float, float)
 .text._ZN6plaits17WaveshapingEngine6RenderERKNS_16EngineParametersEPfS4_jPb
                0x2400701c      0x300 build/waveshaping_engine.o
                0x2400701c                plaits::WaveshapingEngine::Render(plaits::EngineParameters const&, float*, float*, unsigned int, bool*)
 .text._ZN6plaits15WavetableEngine5ResetEv
                0x2400731c        0x2 build/wavetable_engine.o
                0x2400731c                plaits::WavetableEngine::Reset()
 *fill*         0x2400731e        0x2 
 .text._ZN6plaits15WavetableEngine12LoadUserDataEPKh
                0x24007320       0x58 build/wavetable_engine.o
                0x24007320                plaits::WavetableEngine::LoadUserData(unsigned char const*)
 .text._ZN6plaits15WavetableEngine4InitEPN6stmlib15BufferAllocatorE
                0x24007378       0x40 build/wavetable_engine.o
                0x24007378                plaits::WavetableEngine::Init(stmlib::BufferAllocator*)
 .text._ZN6plaits15WavetableEngine8ReadWaveEiiiif.isra.0
                0x240073b8       0x7e build/wavetable_engine.o
 .text._ZN6plaits5ClampEff
                0x24007436       0x2c build/wavetable_engine.o
                0x24007436                plaits::Clamp(float, float)
 *fill*         0x24007462        0x2 
 .text._ZN6plaits15WavetableEngine6RenderERKNS_16EngineParametersEPfS4_jPb
                0x24007464      0x428 build/wavetable_engine.o
                0x24007464                plaits::WavetableEngine::Render(plaits::EngineParameters const&, float*, float*, unsigned int, bool*)
 .text._ZN6plaits14ChiptuneEngine12LoadUserDataEPKh
                0x2400788c        0x2 build/chiptune_engine.o
                0x2400788c                plaits::ChiptuneEngine::LoadUserData(unsigned char const*)
 *fill*         0x2400788e        0x2 
 .text._ZN6plaits14ChiptuneEngine4InitEPN6stmlib15BufferAllocatorE
                0x24007890       0x90 build/chiptune_engine.o
                0x24007890                plaits::ChiptuneEngine::Init(stmlib::BufferAllocator*)
 .text._ZN6plaits14ChiptuneEngine5ResetEv
                0x24007920        0x6 build/chiptune_engine.o
                0x24007920                plaits::ChiptuneEngine::Reset()
 *fill*         0x24007926        0x2 
 .text._ZN6stmlib20HysteresisQuantizer27ProcessEf
                0x24007928       0x64 build/chiptune_engine.o
                0x24007928                stmlib::HysteresisQuantizer2::Process(float)
 .text._ZN6plaits21SuperSquareOscillator6RenderEffPfj
                0x2400798c      0x200 build/chiptune_engine.o
                0x2400798c                plaits::SuperSquareOscillator::Render(float, float, float*, unsigned int)
 .text._ZN6plaits21NESTriangleOscillatorILi5EE6RenderEfPfj
                0x24007b8c      0x214 build/chiptune_engine.o
                0x24007b8c                plaits::NESTriangleOscillator<5>::Render(float, float*, unsigned int)
 .text._ZN6plaits14ChiptuneEngine6RenderERKNS_16EngineParametersEPfS4_jPb
                0x24007da0      0x378 build/chiptune_engine.o
                0x24007da0                plaits::ChiptuneEngine::Render(plaits::EngineParameters const&, float*, float*, unsigned int, bool*)
 .text._ZN6plaits21PhaseDistortionEngine12LoadUserDataEPKh
                0x24008118        0x2 build/phase_distortion_engine.o
                0x24008118                plaits::PhaseDistortionEngine::LoadUserData(unsigned char const*)
 .text._ZN6plaits21PhaseDistortionEngine5ResetEv
                0x2400811a        0x2 build/phase_distortion_engine.o
                0x2400811a                plaits::PhaseDistortionEngine::Reset()
 .text._ZN6plaits21PhaseDistortionEngine4InitEPN6stmlib15BufferAllocatorE
                0x2400811c       0x60 build/phase_distortion_engine.o
                0x2400811c                plaits::PhaseDistortionEngine::Init(stmlib::BufferAllocator*)
 .text._ZN6plaits23VariableShapeOscillator6RenderILb1ELb1EEEvfffffPfj
                0x2400817c      0x39c build/phase_distortion_engine.o
                0x2400817c                void plaits::VariableShapeOscillator::Render<true, true>(float, float, float, float, float, float*, unsigned int)
 .text._ZN6plaits23VariableShapeOscillator6RenderILb0ELb1EEEvfffffPfj
                0x24008518      0x29c build/phase_distortion_engine.o
                0x24008518                void plaits::VariableShapeOscillator::Render<false, true>(float, float, float, float, float, float*, unsigned int)
 .text._ZN6plaits21PhaseDistortionEngine6RenderERKNS_16EngineParametersEPfS4_jPb
                0x240087b4      0x1a4 build/phase_distortion_engine.o
                0x240087b4                plaits::PhaseDistortionEngine::Render(plaits::EngineParameters const&, float*, float*, unsigned int, bool*)
 .text._ZN6plaits11SixOpEngine5ResetEv
                0x24008958        0x2 build/six_op_engine.o
                0x24008958                plaits::SixOpEngine::Reset()
 *fill*         0x2400895a        0x2 
 .text._ZN6stmlib20SemitonesToRatioSafeEf
                0x2400895c       0x98 build/six_op_engine.o
                0x2400895c                stmlib::SemitonesToRatioSafe(float)
 .text._ZN6plaits2fm5Patch6UnpackEPKh
                0x240089f4      0x1ee build/six_op_engine.o
                0x240089f4                plaits::fm::Patch::Unpack(unsigned char const*)
 .text._ZN6plaits11SixOpEngine12LoadUserDataEPKh
                0x24008be2       0x2a build/six_op_engine.o
                0x24008be2                plaits::SixOpEngine::LoadUserData(unsigned char const*)
 .text._ZN6plaits2fm13OperatorLevelEi
                0x24008c0c       0x18 build/six_op_engine.o
                0x24008c0c                plaits::fm::OperatorLevel(int)
 .text._ZNK6plaits2fm3Lfo5valueEv
                0x24008c24       0xd0 build/six_op_engine.o
                0x24008c24                plaits::fm::Lfo::value() const
 .text._ZN6plaits2fm3Lfo4StepEf
                0x24008cf4       0x7e build/six_op_engine.o
                0x24008cf4                plaits::fm::Lfo::Step(float)
 *fill*         0x24008d72        0x2 
 .text._ZN6plaits2fm16OperatorEnvelope3SetEPKhS3_h
                0x24008d74      0x118 build/six_op_engine.o
                0x24008d74                plaits::fm::OperatorEnvelope::Set(unsigned char const*, unsigned char const*, unsigned char)
 .text._ZN6plaits2fm13PitchEnvelope3SetEPKhS3_
                0x24008e8c      0x11c build/six_op_engine.o
                0x24008e8c                plaits::fm::PitchEnvelope::Set(unsigned char const*, unsigned char const*)
 .text._ZN6plaits7FMVoice15set_modulationsERKNS_2fm3LfoE
                0x24008fa8       0x70 build/six_op_engine.o
                0x24008fa8                plaits::FMVoice::set_modulations(plaits::fm::Lfo const&)
 .text._ZN6plaits7FMVoice4InitEPNS_2fm10AlgorithmsILi6EEEf
                0x24009018      0x114 build/six_op_engine.o
                0x24009018                plaits::FMVoice::Init(plaits::fm::Algorithms<6>*, float)
 .text._ZN6plaits7FMVoice9LoadPatchEPKNS_2fm5PatchE
                0x2400912c      0x114 build/six_op_engine.o
                0x2400912c                plaits::FMVoice::LoadPatch(plaits::fm::Patch const*)
 .text._ZN6plaits2fm10AlgorithmsILi6EE7CompileEi
                0x24009240       0xf8 build/six_op_engine.o
                0x24009240                plaits::fm::Algorithms<6>::Compile(int)
 .text._ZN6plaits11SixOpEngine4InitEPN6stmlib15BufferAllocatorE
                0x24009338       0xb4 build/six_op_engine.o
                0x24009338                plaits::SixOpEngine::Init(stmlib::BufferAllocator*)
 .text._ZN6plaits2fm5VoiceILi6EE5SetupEv
                0x240093ec      0x100 build/six_op_engine.o
                0x240093ec                plaits::fm::Voice<6>::Setup()
 .text._ZN6plaits2fm8EnvelopeILi4ELb0EE14RenderAtSampleEff
                0x240094ec       0xd8 build/six_op_engine.o
                0x240094ec                plaits::fm::Envelope<4, false>::RenderAtSample(float, float)
 .text._ZN6plaits2fm8Pow2FastILi2EEEff
                0x240095c4       0x4c build/six_op_engine.o
                0x240095c4                float plaits::fm::Pow2Fast<2>(float)
 .text._ZN6plaits2fm8EnvelopeILi4ELb0EE5valueEv
                0x24009610       0x48 build/six_op_engine.o
                0x24009610                plaits::fm::Envelope<4, false>::value()
 .text._ZN6plaits2fm8EnvelopeILi4ELb1EE5valueEiff
                0x24009658       0x88 build/six_op_engine.o
                0x24009658                plaits::fm::Envelope<4, true>::value(int, float, float)
 .text._ZN6plaits2fm8EnvelopeILi4ELb1EE14RenderAtSampleEff
                0x240096e0       0xb4 build/six_op_engine.o
                0x240096e0                plaits::fm::Envelope<4, true>::RenderAtSample(float, float)
 .text._ZN6plaits2fm8EnvelopeILi4ELb1EE5valueEv
                0x24009794       0x12 build/six_op_engine.o
                0x24009794                plaits::fm::Envelope<4, true>::value()
 *fill*         0x240097a6        0x2 
 .text._ZN6plaits2fm5VoiceILi6EE6RenderERKNS2_10ParametersEPPfj
                0x240097a8      0x4c4 build/six_op_engine.o
                0x240097a8                plaits::fm::Voice<6>::Render(plaits::fm::Voice<6>::Parameters const&, float**, unsigned int)
 .text._ZN6plaits7FMVoice6RenderEPfj
                0x24009c6c       0x2a build/six_op_engine.o
                0x24009c6c                plaits::FMVoice::Render(float*, unsigned int)
 *fill*         0x24009c96        0x2 
 .text._ZN6plaits11SixOpEngine6RenderERKNS_16EngineParametersEPfS4_jPb
                0x24009c98      0x3c8 build/six_op_engine.o
                0x24009c98                plaits::SixOpEngine::Render(plaits::EngineParameters const&, float*, float*, unsigned int, bool*)
 .text._ZN6plaits19StringMachineEngine12LoadUserDataEPKh
                0x2400a060        0x2 build/string_machine_engine.o
                0x2400a060                plaits::StringMachineEngine::LoadUserData(unsigned char const*)
 *fill*         0x2400a062        0x2 
 .text._ZN6plaits19StringMachineEngine4InitEPN6stmlib15BufferAllocatorE
                0x2400a064       0x8c build/string_machine_engine.o
                0x2400a064                plaits::StringMachineEngine::Init(stmlib::BufferAllocator*)
 .text._ZN6plaits19StringMachineEngine5ResetEv
                0x2400a0f0       0x22 build/string_machine_engine.o
                0x2400a0f0                plaits::StringMachineEngine::Reset()
 .text._ZN6plaits8FxEngineILj1024ELNS_6FormatE2EE7Context11InterpolateINS2_9DelayLineINS2_7ReserveILl511ENS6_ILl511ENS2_5EmptyEEEEELl1EEEEEvRT_ff.isra.0
                0x2400a112       0x50 build/string_machine_engine.o
 .text._ZN6plaits8FxEngineILj1024ELNS_6FormatE2EE7Context11InterpolateINS2_9DelayLineINS2_7ReserveILl511ENS6_ILl511ENS2_5EmptyEEEEELl0EEEEEvRT_ff.isra.0
                0x2400a162       0x4a build/string_machine_engine.o
 .text._ZN6plaits8Ensemble7ProcessEPfS1_j
                0x2400a1ac      0x208 build/string_machine_engine.o
                0x2400a1ac                plaits::Ensemble::Process(float*, float*, unsigned int)
 .text._ZN6plaits19StringMachineEngine19ComputeRegistrationEfPf
                0x2400a3b4       0x44 build/string_machine_engine.o
                0x2400a3b4                plaits::StringMachineEngine::ComputeRegistration(float, float*)
 .text._ZN6plaits19StringMachineEngine6RenderERKNS_16EngineParametersEPfS4_jPb
                0x2400a3f8      0x304 build/string_machine_engine.o
                0x2400a3f8                plaits::StringMachineEngine::Render(plaits::EngineParameters const&, float*, float*, unsigned int, bool*)
 .text._ZN6plaits22VirtualAnalogVCFEngine12LoadUserDataEPKh
                0x2400a6fc        0x2 build/virtual_analog_vcf_engine.o
                0x2400a6fc                plaits::VirtualAnalogVCFEngine::LoadUserData(unsigned char const*)
 .text._ZN6plaits22VirtualAnalogVCFEngine5ResetEv
                0x2400a6fe        0x2 build/virtual_analog_vcf_engine.o
                0x2400a6fe                plaits::VirtualAnalogVCFEngine::Reset()
 .text._ZN6plaits22VirtualAnalogVCFEngine4InitEPN6stmlib15BufferAllocatorE
                0x2400a700       0x64 build/virtual_analog_vcf_engine.o
                0x2400a700                plaits::VirtualAnalogVCFEngine::Init(stmlib::BufferAllocator*)
 .text._ZN6plaits23VariableShapeOscillator6RenderEfffPfj
                0x2400a764      0x26c build/virtual_analog_vcf_engine.o
                0x2400a764                plaits::VariableShapeOscillator::Render(float, float, float, float*, unsigned int)
 .text._ZN6plaits22VirtualAnalogVCFEngine6RenderERKNS_16EngineParametersEPfS4_jPb
                0x2400a9d0      0x38c build/virtual_analog_vcf_engine.o
                0x2400a9d0                plaits::VirtualAnalogVCFEngine::Render(plaits::EngineParameters const&, float*, float*, unsigned int, bool*)
 .text._ZN6plaits17WaveTerrainEngine12LoadUserDataEPKh
                0x2400ad5c        0x4 build/wave_terrain_engine.o
                0x2400ad5c                plaits::WaveTerrainEngine::LoadUserData(unsigned char const*)
 .text._ZN6plaits17WaveTerrainEngine5ResetEv
                0x2400ad60        0x2 build/wave_terrain_engine.o
                0x2400ad60                plaits::WaveTerrainEngine::Reset()
 .text._ZN6plaits17WaveTerrainEngine4InitEPN6stmlib15BufferAllocatorE
                0x2400ad62       0x3a build/wave_terrain_engine.o
                0x2400ad62                plaits::WaveTerrainEngine::Init(stmlib::BufferAllocator*)
 .text._ZN6plaits25InterpolateIntegratedWaveIsEEfPKT_lf
                0x2400ad9c       0x42 build/wave_terrain_engine.o
                0x2400ad9c                float plaits::InterpolateIntegratedWave<short>(short const*, long, float)
 *fill*         0x2400adde        0x2 
 .text._ZN6plaits17WaveTerrainEngine7TerrainEffi
                0x2400ade0      0x2bc build/wave_terrain_engine.o
                0x2400ade0                plaits::WaveTerrainEngine::Terrain(float, float, int)
 .text._ZN6plaits17WaveTerrainEngine6RenderERKNS_16EngineParametersEPfS4_jPb
                0x2400b09c      0x31c build/wave_terrain_engine.o
                0x2400b09c                plaits::WaveTerrainEngine::Render(plaits::EngineParameters const&, float*, float*, unsigned int, bool*)
 .text._ZN6plaits2fm15RenderOperatorsILi1ELi0ELb1EEEvPNS0_8OperatorEPKfS5_PfiS5_S6_j
                0x2400b3b8       0xe8 build/algorithms.o
                0x2400b3b8                void plaits::fm::RenderOperators<1, 0, true>(plaits::fm::Operator*, float const*, float const*, float*, int, float const*, float*, unsigned int)
 .text._ZN6plaits2fm15RenderOperatorsILi1ELi0ELb0EEEvPNS0_8OperatorEPKfS5_PfiS5_S6_j
                0x2400b4a0       0xe0 build/algorithms.o
                0x2400b4a0                void plaits::fm::RenderOperators<1, 0, false>(plaits::fm::Operator*, float const*, float const*, float*, int, float const*, float*, unsigned int)
 .text._ZN6plaits2fm15RenderOperatorsILi1ELin1ELb1EEEvPNS0_8OperatorEPKfS5_PfiS5_S6_j
                0x2400b580       0xac build/algorithms.o
                0x2400b580                void plaits::fm::RenderOperators<1, -1, true>(plaits::fm::Operator*, float const*, float const*, float*, int, float const*, float*, unsigned int)
 .text._ZN6plaits2fm15RenderOperatorsILi1ELin1ELb0EEEvPNS0_8OperatorEPKfS5_PfiS5_S6_j
                0x2400b62c       0xac build/algorithms.o
                0x2400b62c                void plaits::fm::RenderOperators<1, -1, false>(plaits::fm::Operator*, float const*, float const*, float*, int, float const*, float*, unsigned int)
 .text._ZN6plaits2fm15RenderOperatorsILi1ELin2ELb1EEEvPNS0_8OperatorEPKfS5_PfiS5_S6_j
                0x2400b6d8       0xa4 build/algorithms.o
                0x2400b6d8                void plaits::fm::RenderOperators<1, -2, true>(plaits::fm::Operator*, float const*, float const*, float*, int, float const*, float*, unsigned int)
 .text._ZN6plaits2fm15RenderOperatorsILi1ELin2ELb0EEEvPNS0_8OperatorEPKfS5_PfiS5_S6_j
                0x2400b77c       0xa0 build/algorithms.o
                0x2400b77c                void plaits::fm::RenderOperators<1, -2, false>(plaits::fm::Operator*, float const*, float const*, float*, int, float const*, float*, unsigned int)
 .text._ZN6plaits2fm15RenderOperatorsILi2ELi1ELb1EEEvPNS0_8OperatorEPKfS5_PfiS5_S6_j
                0x2400b81c      0x154 build/algorithms.o
                0x2400b81c                void plaits::fm::RenderOperators<2, 1, true>(plaits::fm::Operator*, float const*, float const*, float*, int, float const*, float*, unsigned int)
 .text._ZN6plaits2fm15RenderOperatorsILi3ELi2ELb1EEEvPNS0_8OperatorEPKfS5_PfiS5_S6_j
                0x2400b970      0x148 build/algorithms.o
                0x2400b970                void plaits::fm::RenderOperators<3, 2, true>(plaits::fm::Operator*, float const*, float const*, float*, int, float const*, float*, unsigned int)
 .text._ZN6plaits10ModalVoice4InitEv
                0x2400bab8       0x18 build/modal_voice.o
                0x2400bab8                plaits::ModalVoice::Init()
 .text._ZN6plaits10ModalVoice6RenderEbbfffffPfS1_S1_j
                0x2400bad0      0x270 build/modal_voice.o
                0x2400bad0                plaits::ModalVoice::Render(bool, bool, float, float, float, float, float, float*, float*, float*, unsigned int)
 .text._ZN6plaits9Resonator4InitEfi
                0x2400bd40       0xa0 build/resonator.o
                0x2400bd40                plaits::Resonator::Init(float, int)
 .text._ZN6plaits12ResonatorSvfILi4EE7ProcessILN6stmlib10FilterModeE1ELb1EEEvPKfS6_S6_S6_Pfj
                0x2400bde0      0x184 build/resonator.o
                0x2400bde0                void plaits::ResonatorSvf<4>::Process<(stmlib::FilterMode)1, true>(float const*, float const*, float const*, float const*, float*, unsigned int)
 .text._ZN6plaits9Resonator7ProcessEffffPKfPfj
                0x2400bf64      0x1bc build/resonator.o
                0x2400bf64                plaits::Resonator::Process(float, float, float, float, float const*, float*, unsigned int)
 .text._ZN6stmlib9DCBlocker7ProcessEPfj
                0x2400c120       0x34 build/string.o
                0x2400c120                stmlib::DCBlocker::Process(float*, unsigned int)
 .text._ZN6stmlib11InterpolateEPKfff
                0x2400c154       0x2a build/string.o
                0x2400c154                stmlib::Interpolate(float const*, float, float)
 .text._ZN6plaits9DelayLineIfLj1024EE5ResetEv
                0x2400c17e       0x18 build/string.o
                0x2400c17e                plaits::DelayLine<float, 1024u>::Reset()
 .text._ZN6plaits9DelayLineIfLj256EE5ResetEv
                0x2400c196       0x18 build/string.o
                0x2400c196                plaits::DelayLine<float, 256u>::Reset()
 *fill*         0x2400c1ae        0x2 
 .text._ZN6plaits6String5ResetEv
                0x2400c1b0       0x48 build/string.o
                0x2400c1b0                plaits::String::Reset()
 .text._ZN6plaits6String4InitEPN6stmlib15BufferAllocatorE
                0x2400c1f8       0x5c build/string.o
                0x2400c1f8                plaits::String::Init(stmlib::BufferAllocator*)
 .text._ZNK6plaits9DelayLineIfLj1024EE11ReadHermiteEf
                0x2400c254       0x8a build/string.o
                0x2400c254                plaits::DelayLine<float, 1024u>::ReadHermite(float) const
 .text._ZN6stmlib3Svf7ProcessILNS_10FilterModeE0EEEff
                0x2400c2de       0x4a build/string.o
                0x2400c2de                float stmlib::Svf::Process<(stmlib::FilterMode)0>(float)
 .text._ZN6plaits6String15ProcessInternalILNS_18StringNonLinearityE0EEEvffffPKfPfj
                0x2400c328      0x23c build/string.o
                0x2400c328                void plaits::String::ProcessInternal<(plaits::StringNonLinearity)0>(float, float, float, float, float const*, float*, unsigned int)
 .text._ZN6plaits6String15ProcessInternalILNS_18StringNonLinearityE1EEEvffffPKfPfj
                0x2400c564      0x3a0 build/string.o
                0x2400c564                void plaits::String::ProcessInternal<(plaits::StringNonLinearity)1>(float, float, float, float, float const*, float*, unsigned int)
 .text._ZN6plaits6String7ProcessEffffPKfPfj
                0x2400c904       0x1c build/string.o
                0x2400c904                plaits::String::Process(float, float, float, float, float const*, float*, unsigned int)
 .text._ZN6plaits11StringVoice4InitEPN6stmlib15BufferAllocatorE
                0x2400c920       0x38 build/string_voice.o
                0x2400c920                plaits::StringVoice::Init(stmlib::BufferAllocator*)
 .text._ZN6plaits11StringVoice5ResetEv
                0x2400c958        0x6 build/string_voice.o
                0x2400c958                plaits::StringVoice::Reset()
 *fill*         0x2400c95e        0x2 
 .text._ZN6plaits11StringVoice6RenderEbbfffffPfS1_S1_j
                0x2400c960      0x2c8 build/string_voice.o
                0x2400c960                plaits::StringVoice::Render(bool, bool, float, float, float, float, float, float*, float*, float*, unsigned int)
 .text._ZN6plaits14LPCSpeechSynth4InitEv
                0x2400cc28       0x38 build/lpc_speech_synth.o
                0x2400cc28                plaits::LPCSpeechSynth::Init()
 .text._ZN6plaits14LPCSpeechSynth6RenderEffPfS1_j
                0x2400cc60      0x250 build/lpc_speech_synth.o
                0x2400cc60                plaits::LPCSpeechSynth::Render(float, float, float*, float*, unsigned int)
 .text._ZN6plaits14LPCSpeechSynth9PlayFrameERKNS0_5FrameES3_f
                0x2400ceb0      0x274 build/lpc_speech_synth.o
                0x2400ceb0                plaits::LPCSpeechSynth::PlayFrame(plaits::LPCSpeechSynth::Frame const&, plaits::LPCSpeechSynth::Frame const&, float)
 .text._ZN6plaits14LPCSpeechSynth9PlayFrameEPKNS0_5FrameEfb
                0x2400d124       0x2c build/lpc_speech_synth_controller.o
                0x2400d124                plaits::LPCSpeechSynth::PlayFrame(plaits::LPCSpeechSynth::Frame const*, float, bool)
 .text._ZN6plaits9BitStream7GetBitsEi
                0x2400d150       0x5e build/lpc_speech_synth_controller.o
                0x2400d150                plaits::BitStream::GetBits(int)
 .text._ZN6plaits22LPCSpeechSynthWordBank5ResetEv
                0x2400d1ae       0x20 build/lpc_speech_synth_controller.o
                0x2400d1ae                plaits::LPCSpeechSynthWordBank::Reset()
 .text._ZN6plaits22LPCSpeechSynthWordBank4InitEPKNS_26LPCSpeechSynthWordBankDataEiPN6stmlib15BufferAllocatorE
                0x2400d1ce       0x40 build/lpc_speech_synth_controller.o
                0x2400d1ce                plaits::LPCSpeechSynthWordBank::Init(plaits::LPCSpeechSynthWordBankData const*, int, stmlib::BufferAllocator*)
 *fill*         0x2400d20e        0x2 
 .text._ZN6plaits22LPCSpeechSynthWordBank12LoadNextWordEPKh
                0x2400d210      0x184 build/lpc_speech_synth_controller.o
                0x2400d210                plaits::LPCSpeechSynthWordBank::LoadNextWord(unsigned char const*)
 .text._ZN6plaits22LPCSpeechSynthWordBank4LoadEi
                0x2400d394       0x48 build/lpc_speech_synth_controller.o
                0x2400d394                plaits::LPCSpeechSynthWordBank::Load(int)
 .text._ZN6plaits24LPCSpeechSynthController4InitEPNS_22LPCSpeechSynthWordBankE
                0x2400d3dc       0x24 build/lpc_speech_synth_controller.o
                0x2400d3dc                plaits::LPCSpeechSynthController::Init(plaits::LPCSpeechSynthWordBank*)
 .text._ZN6plaits24LPCSpeechSynthController6RenderEbbiffffffPfS1_j
                0x2400d400      0x318 build/lpc_speech_synth_controller.o
                0x2400d400                plaits::LPCSpeechSynthController::Render(bool, bool, int, float, float, float, float, float, float, float*, float*, unsigned int)
 .text._ZN6plaits16NaiveSpeechSynth4InitEv
                0x2400d718       0x64 build/naive_speech_synth.o
                0x2400d718                plaits::NaiveSpeechSynth::Init()
 .text._ZN6plaits16NaiveSpeechSynth6RenderEbfffPfS1_S1_j
                0x2400d77c      0x388 build/naive_speech_synth.o
                0x2400d77c                plaits::NaiveSpeechSynth::Render(bool, float, float, float, float*, float*, float*, unsigned int)
 .text._ZN6plaits14SAMSpeechSynth4InitEv
                0x2400db04       0x18 build/sam_speech_synth.o
                0x2400db04                plaits::SAMSpeechSynth::Init()
 .text._ZN6plaits14SAMSpeechSynth22InterpolatePhonemeDataEffPmPf
                0x2400db1c       0xbc build/sam_speech_synth.o
                0x2400db1c                plaits::SAMSpeechSynth::InterpolatePhonemeData(float, float, unsigned long*, float*)
 .text._ZN6plaits14SAMSpeechSynth6RenderEbfffPfS1_j
                0x2400dbd8      0x204 build/sam_speech_synth.o
                0x2400dbd8                plaits::SAMSpeechSynth::Render(bool, float, float, float, float*, float*, unsigned int)
 .text._ZN5daisy8patch_sm12DaisyPatchSM4Impl19InternalDacCallbackEPPtj
                0x2400dddc       0xb4 ../libDaisy/build/libdaisy.a(daisy_patch_sm.o)
                0x2400dddc                daisy::patch_sm::DaisyPatchSM::Impl::InternalDacCallback(unsigned short**, unsigned int)
 .text._ZN5daisy8patch_sm12DaisyPatchSM4InitEv
                0x2400de90      0x4e8 ../libDaisy/build/libdaisy.a(daisy_patch_sm.o)
                0x2400de90                daisy::patch_sm::DaisyPatchSM::Init()
 .text._ZN5daisy8patch_sm12DaisyPatchSM10StartAudioEPFvPKPKfPPfjE
                0x2400e378        0x8 ../libDaisy/build/libdaisy.a(daisy_patch_sm.o)
                0x2400e378                daisy::patch_sm::DaisyPatchSM::StartAudio(void (*)(float const* const*, float**, unsigned int))
 .text._ZN5daisy8patch_sm12DaisyPatchSM17SetAudioBlockSizeEj
                0x2400e380       0x54 ../libDaisy/build/libdaisy.a(daisy_patch_sm.o)
                0x2400e380                daisy::patch_sm::DaisyPatchSM::SetAudioBlockSize(unsigned int)
 .text._ZN5daisy8patch_sm12DaisyPatchSM18SetAudioSampleRateENS_9SaiHandle6Config10SampleRateE
                0x2400e3d4       0x54 ../libDaisy/build/libdaisy.a(daisy_patch_sm.o)
                0x2400e3d4                daisy::patch_sm::DaisyPatchSM::SetAudioSampleRate(daisy::SaiHandle::Config::SampleRate)
 .text._ZN5daisy8patch_sm12DaisyPatchSM21ProcessAnalogControlsEv
                0x2400e428       0x18 ../libDaisy/build/libdaisy.a(daisy_patch_sm.o)
                0x2400e428                daisy::patch_sm::DaisyPatchSM::ProcessAnalogControls()
 .text._ZN5daisy8patch_sm12DaisyPatchSM22ProcessDigitalControlsEv
                0x2400e440        0x4 ../libDaisy/build/libdaisy.a(daisy_patch_sm.o)
                0x2400e440                daisy::patch_sm::DaisyPatchSM::ProcessDigitalControls()
 .text._ZN5daisy8patch_sm12DaisyPatchSM11GetAdcValueEi
                0x2400e444        0xc ../libDaisy/build/libdaisy.a(daisy_patch_sm.o)
                0x2400e444                daisy::patch_sm::DaisyPatchSM::GetAdcValue(int)
 .text._ZN5daisy8patch_sm12DaisyPatchSM6SetLedEb
                0x2400e450        0x8 ../libDaisy/build/libdaisy.a(daisy_patch_sm.o)
                0x2400e450                daisy::patch_sm::DaisyPatchSM::SetLed(bool)
 .text.startup._GLOBAL__sub_I__ZN5daisy8patch_sm12DaisyPatchSM2A1E
                0x2400e458       0x28 ../libDaisy/build/libdaisy.a(daisy_patch_sm.o)
 .text._ZN5daisy7Pcm30604InitENS_9I2CHandleE
                0x2400e480      0x170 ../libDaisy/build/libdaisy.a(codec_pcm3060.o)
                0x2400e480                daisy::Pcm3060::Init(daisy::I2CHandle)
 .text._ZN11SdramHandle10DeviceInitEv
                0x2400e5f0       0x88 ../libDaisy/build/libdaisy.a(sdram.o)
                0x2400e5f0                SdramHandle::DeviceInit()
 .text._ZN11SdramHandle4InitEv
                0x2400e678       0x80 ../libDaisy/build/libdaisy.a(sdram.o)
                0x2400e678                SdramHandle::Init()
 .text.HAL_SDRAM_MspInit
                0x2400e6f8      0x19c ../libDaisy/build/libdaisy.a(sdram.o)
                0x2400e6f8                HAL_SDRAM_MspInit
 .text._ZN5daisy11AudioHandle4Impl16InternalCallbackEPlS2_j
                0x2400e894      0xd14 ../libDaisy/build/libdaisy.a(audio.o)
                0x2400e894                daisy::AudioHandle::Impl::InternalCallback(long*, long*, unsigned int)
 .text._ZN5daisy11AudioHandle4InitERKNS0_6ConfigENS_9SaiHandleE
                0x2400f5a8       0x70 ../libDaisy/build/libdaisy.a(audio.o)
                0x2400f5a8                daisy::AudioHandle::Init(daisy::AudioHandle::Config const&, daisy::SaiHandle)
 .text._ZNK5daisy11AudioHandle9GetConfigEv
                0x2400f618        0x8 ../libDaisy/build/libdaisy.a(audio.o)
                0x2400f618                daisy::AudioHandle::GetConfig() const
 .text._ZN5daisy11AudioHandle12SetBlockSizeEj
                0x2400f620       0x1c ../libDaisy/build/libdaisy.a(audio.o)
                0x2400f620                daisy::AudioHandle::SetBlockSize(unsigned int)
 .text._ZN5daisy11AudioHandle13GetSampleRateEv
                0x2400f63c        0x8 ../libDaisy/build/libdaisy.a(audio.o)
                0x2400f63c                daisy::AudioHandle::GetSampleRate()
 .text._ZN5daisy11AudioHandle13SetSampleRateENS_9SaiHandle6Config10SampleRateE
                0x2400f644       0xa4 ../libDaisy/build/libdaisy.a(audio.o)
                0x2400f644                daisy::AudioHandle::SetSampleRate(daisy::SaiHandle::Config::SampleRate)
 .text._ZN5daisy11AudioHandle5StartEPFvPKPKfPPfjE
                0x2400f6e8       0x44 ../libDaisy/build/libdaisy.a(audio.o)
                0x2400f6e8                daisy::AudioHandle::Start(void (*)(float const* const*, float**, unsigned int))
 .text.startup._GLOBAL__sub_I__ZN5daisy11AudioHandle4Impl4InitENS0_6ConfigENS_9SaiHandleE
                0x2400f72c       0x20 ../libDaisy/build/libdaisy.a(audio.o)
 .text._ZN5daisy13AnalogControl4InitEPtfbbf
                0x2400f74c       0x64 ../libDaisy/build/libdaisy.a(ctrl.o)
                0x2400f74c                daisy::AnalogControl::Init(unsigned short*, float, bool, bool, float)
 .text._ZN5daisy13AnalogControl13InitBipolarCvEPtf
                0x2400f7b0       0x68 ../libDaisy/build/libdaisy.a(ctrl.o)
                0x2400f7b0                daisy::AnalogControl::InitBipolarCv(unsigned short*, float)
 .text._ZN5daisy13AnalogControl7ProcessEv
                0x2400f818       0x48 ../libDaisy/build/libdaisy.a(ctrl.o)
                0x2400f818                daisy::AnalogControl::Process()
 .text._ZN5daisy13AnalogControl13SetSampleRateEf
                0x2400f860       0x50 ../libDaisy/build/libdaisy.a(ctrl.o)
                0x2400f860                daisy::AnalogControl::SetSampleRate(float)
 .text._ZN5daisy6GateIn4InitENS_3PinEb
                0x2400f8b0       0x24 ../libDaisy/build/libdaisy.a(gatein.o)
                0x2400f8b0                daisy::GateIn::Init(daisy::Pin, bool)
 .text._ZN5daisy16AdcChannelConfig10InitSingleENS_3PinENS0_15ConversionSpeedE
                0x2400f8d4       0x20 ../libDaisy/build/libdaisy.a(adc.o)
                0x2400f8d4                daisy::AdcChannelConfig::InitSingle(daisy::Pin, daisy::AdcChannelConfig::ConversionSpeed)
 .text._ZN5daisy9AdcHandle4InitEPNS_16AdcChannelConfigEjNS0_12OverSamplingE
                0x2400f8f4      0x3d8 ../libDaisy/build/libdaisy.a(adc.o)
                0x2400f8f4                daisy::AdcHandle::Init(daisy::AdcChannelConfig*, unsigned int, daisy::AdcHandle::OverSampling)
 .text._ZN5daisy9AdcHandle5StartEv
                0x2400fccc       0x28 ../libDaisy/build/libdaisy.a(adc.o)
                0x2400fccc                daisy::AdcHandle::Start()
 .text._ZNK5daisy9AdcHandle6GetPtrEh
                0x2400fcf4       0x14 ../libDaisy/build/libdaisy.a(adc.o)
                0x2400fcf4                daisy::AdcHandle::GetPtr(unsigned char) const
 .text.HAL_ADC_MspInit
                0x2400fd08       0xa0 ../libDaisy/build/libdaisy.a(adc.o)
                0x2400fd08                HAL_ADC_MspInit
 .text.DMA1_Stream2_IRQHandler
                0x2400fda8        0xc ../libDaisy/build/libdaisy.a(adc.o)
                0x2400fda8                DMA1_Stream2_IRQHandler
 .text.HAL_ADC_ConvCpltCallback
                0x2400fdb4      0x124 ../libDaisy/build/libdaisy.a(adc.o)
                0x2400fdb4                HAL_ADC_ConvCpltCallback
 .text.HAL_ADC_ErrorCallback
                0x2400fed8        0x4 ../libDaisy/build/libdaisy.a(adc.o)
                0x2400fed8                HAL_ADC_ErrorCallback
 .text.startup._GLOBAL__sub_I__ZN5daisy16AdcChannelConfig10InitSingleENS_3PinENS0_15ConversionSpeedE
                0x2400fedc       0x38 ../libDaisy/build/libdaisy.a(adc.o)
 .text.HAL_DAC_MspInit
                0x2400ff14      0x164 ../libDaisy/build/libdaisy.a(dac.o)
                0x2400ff14                HAL_DAC_MspInit
 .text.DMA2_Stream0_IRQHandler
                0x24010078        0xc ../libDaisy/build/libdaisy.a(dac.o)
                0x24010078                DMA2_Stream0_IRQHandler
 .text.DMA2_Stream1_IRQHandler
                0x24010084        0xc ../libDaisy/build/libdaisy.a(dac.o)
                0x24010084                DMA2_Stream1_IRQHandler
 .text.TIM6_DAC_IRQHandler
                0x24010090       0x1c ../libDaisy/build/libdaisy.a(dac.o)
                0x24010090                TIM6_DAC_IRQHandler
 .text.HAL_DAC_ConvCpltCallbackCh1
                0x240100ac       0x60 ../libDaisy/build/libdaisy.a(dac.o)
                0x240100ac                HAL_DAC_ConvCpltCallbackCh1
 .text.HAL_DAC_ConvHalfCpltCallbackCh1
                0x2401010c       0x54 ../libDaisy/build/libdaisy.a(dac.o)
                0x2401010c                HAL_DAC_ConvHalfCpltCallbackCh1
 .text.HAL_DACEx_ConvHalfCpltCallbackCh2
                0x24010160       0x2c ../libDaisy/build/libdaisy.a(dac.o)
                0x24010160                HAL_DACEx_ConvHalfCpltCallbackCh2
 .text.HAL_DACEx_ConvCpltCallbackCh2
                0x2401018c       0x34 ../libDaisy/build/libdaisy.a(dac.o)
                0x2401018c                HAL_DACEx_ConvCpltCallbackCh2
 .text._ZN5daisy9DacHandle4InitERKNS0_6ConfigE
                0x240101c0      0x100 ../libDaisy/build/libdaisy.a(dac.o)
                0x240101c0                daisy::DacHandle::Init(daisy::DacHandle::Config const&)
 .text._ZN5daisy9DacHandle5StartEPtS1_jPFvPS1_jE
                0x240102c0       0x64 ../libDaisy/build/libdaisy.a(dac.o)
                0x240102c0                daisy::DacHandle::Start(unsigned short*, unsigned short*, unsigned int, void (*)(unsigned short**, unsigned int))
 .text._ZN5daisy9DacHandle4StopEv
                0x24010324       0x40 ../libDaisy/build/libdaisy.a(dac.o)
                0x24010324                daisy::DacHandle::Stop()
 .text.startup._GLOBAL__sub_I__ZN5daisy9DacHandle4Impl4InitERKNS0_6ConfigE
                0x24010364       0x28 ../libDaisy/build/libdaisy.a(dac.o)
 .text._ZN5daisy4GPIO4InitEv
                0x2401038c      0x214 ../libDaisy/build/libdaisy.a(gpio.o)
                0x2401038c                daisy::GPIO::Init()
 .text._ZN5daisy4GPIO4InitENS_3PinENS0_4ModeENS0_4PullENS0_5SpeedE
                0x240105a0      0x21c ../libDaisy/build/libdaisy.a(gpio.o)
                0x240105a0                daisy::GPIO::Init(daisy::Pin, daisy::GPIO::Mode, daisy::GPIO::Pull, daisy::GPIO::Speed)
 .text._ZN5daisy4GPIO5WriteEb
                0x240107bc       0x14 ../libDaisy/build/libdaisy.a(gpio.o)
                0x240107bc                daisy::GPIO::Write(bool)
 .text._ZN5daisy9I2CHandle4Impl8InitPinsEv
                0x240107d0       0x70 ../libDaisy/build/libdaisy.a(i2c.o)
                0x240107d0                daisy::I2CHandle::Impl::InitPins()
 .text.HAL_I2C_MspInit
                0x24010840      0x1b4 ../libDaisy/build/libdaisy.a(i2c.o)
                0x24010840                HAL_I2C_MspInit
 .text.dsy_i2c_global_init
                0x240109f4       0x70 ../libDaisy/build/libdaisy.a(i2c.o)
                0x240109f4                dsy_i2c_global_init
 .text.DMA1_Stream6_IRQHandler
                0x24010a64       0x34 ../libDaisy/build/libdaisy.a(i2c.o)
                0x24010a64                DMA1_Stream6_IRQHandler
 .text.I2C1_EV_IRQHandler
                0x24010a98        0xc ../libDaisy/build/libdaisy.a(i2c.o)
                0x24010a98                I2C1_EV_IRQHandler
 .text.I2C2_EV_IRQHandler
                0x24010aa4        0xc ../libDaisy/build/libdaisy.a(i2c.o)
                0x24010aa4                I2C2_EV_IRQHandler
 .text.I2C3_EV_IRQHandler
                0x24010ab0        0xc ../libDaisy/build/libdaisy.a(i2c.o)
                0x24010ab0                I2C3_EV_IRQHandler
 .text._ZN5daisy9I2CHandle4InitERKNS0_6ConfigE
                0x24010abc      0x128 ../libDaisy/build/libdaisy.a(i2c.o)
                0x24010abc                daisy::I2CHandle::Init(daisy::I2CHandle::Config const&)
 .text._ZN5daisy9I2CHandle17ReadDataAtAddressEtttPhtm
                0x24010be4       0x50 ../libDaisy/build/libdaisy.a(i2c.o)
                0x24010be4                daisy::I2CHandle::ReadDataAtAddress(unsigned short, unsigned short, unsigned short, unsigned char*, unsigned short, unsigned long)
 .text._ZN5daisy9I2CHandle18WriteDataAtAddressEtttPhtm
                0x24010c34       0x50 ../libDaisy/build/libdaisy.a(i2c.o)
                0x24010c34                daisy::I2CHandle::WriteDataAtAddress(unsigned short, unsigned short, unsigned short, unsigned char*, unsigned short, unsigned long)
 .text.startup._GLOBAL__sub_I__ZN5daisy9I2CHandle4Impl10GlobalInitEv
                0x24010c84       0x2c ../libDaisy/build/libdaisy.a(i2c.o)
 .text._ZN5daisy10QSPIHandle4Impl11WriteEnableEv
                0x24010cb0       0x88 ../libDaisy/build/libdaisy.a(qspi.o)
                0x24010cb0                daisy::QSPIHandle::Impl::WriteEnable()
 .text._ZN5daisy10QSPIHandle4Impl17DummyCyclesConfigENS0_6Config6DeviceE
                0x24010d38      0x108 ../libDaisy/build/libdaisy.a(qspi.o)
                0x24010d38                daisy::QSPIHandle::Impl::DummyCyclesConfig(daisy::QSPIHandle::Config::Device)
 .text._ZN5daisy10QSPIHandle4Impl10QuadEnableEv
                0x24010e40      0x148 ../libDaisy/build/libdaisy.a(qspi.o)
                0x24010e40                daisy::QSPIHandle::Impl::QuadEnable()
 .text._ZN5daisy10QSPIHandle4Impl21DefaultStatusRegisterEv
                0x24010f88      0x148 ../libDaisy/build/libdaisy.a(qspi.o)
                0x24010f88                daisy::QSPIHandle::Impl::DefaultStatusRegister()
 .text._ZN5daisy10QSPIHandle4Impl7PreInitEm
                0x240110d0      0x190 ../libDaisy/build/libdaisy.a(qspi.o)
                0x240110d0                daisy::QSPIHandle::Impl::PreInit(unsigned long)
 .text._ZN5daisy10QSPIHandle4InitERKNS0_6ConfigE
                0x24011260      0x1b4 ../libDaisy/build/libdaisy.a(qspi.o)
                0x24011260                daisy::QSPIHandle::Init(daisy::QSPIHandle::Config const&)
 .text.HAL_QSPI_MspInit
                0x24011414      0x190 ../libDaisy/build/libdaisy.a(qspi.o)
                0x24011414                HAL_QSPI_MspInit
 .text.HAL_QSPI_MspDeInit
                0x240115a4      0x14c ../libDaisy/build/libdaisy.a(qspi.o)
                0x240115a4                HAL_QSPI_MspDeInit
 .text.QUADSPI_IRQHandler
                0x240116f0        0xc ../libDaisy/build/libdaisy.a(qspi.o)
                0x240116f0                QUADSPI_IRQHandler
 .text.startup._GLOBAL__sub_I__ZN5daisy10QSPIHandle4Impl7PreInitEm
                0x240116fc       0x40 ../libDaisy/build/libdaisy.a(qspi.o)
 .text._ZN5daisy9SaiHandle4Impl8InitPinsEv
                0x2401173c       0xc8 ../libDaisy/build/libdaisy.a(sai.o)
                0x2401173c                daisy::SaiHandle::Impl::InitPins()
 .text.HAL_SAI_MspInit
                0x24011804      0x2a8 ../libDaisy/build/libdaisy.a(sai.o)
                0x24011804                HAL_SAI_MspInit
 .text.DMA1_Stream0_IRQHandler
                0x24011aac        0xc ../libDaisy/build/libdaisy.a(sai.o)
                0x24011aac                DMA1_Stream0_IRQHandler
 .text.DMA1_Stream1_IRQHandler
                0x24011ab8        0xc ../libDaisy/build/libdaisy.a(sai.o)
                0x24011ab8                DMA1_Stream1_IRQHandler
 .text.DMA1_Stream3_IRQHandler
                0x24011ac4        0xc ../libDaisy/build/libdaisy.a(sai.o)
                0x24011ac4                DMA1_Stream3_IRQHandler
 .text.DMA1_Stream4_IRQHandler
                0x24011ad0        0xc ../libDaisy/build/libdaisy.a(sai.o)
                0x24011ad0                DMA1_Stream4_IRQHandler
 .text.HAL_SAI_RxHalfCpltCallback
                0x24011adc       0x78 ../libDaisy/build/libdaisy.a(sai.o)
                0x24011adc                HAL_SAI_RxHalfCpltCallback
 .text.HAL_SAI_RxCpltCallback
                0x24011b54       0x70 ../libDaisy/build/libdaisy.a(sai.o)
                0x24011b54                HAL_SAI_RxCpltCallback
 *fill*         0x24011bc4        0x4 
 .text._ZN5daisy9SaiHandle4InitERKNS0_6ConfigE
                0x24011bc8      0x1fc ../libDaisy/build/libdaisy.a(sai.o)
                0x24011bc8                daisy::SaiHandle::Init(daisy::SaiHandle::Config const&)
 .text._ZNK5daisy9SaiHandle9GetConfigEv
                0x24011dc4        0x4 ../libDaisy/build/libdaisy.a(sai.o)
                0x24011dc4                daisy::SaiHandle::GetConfig() const
 .text._ZN5daisy9SaiHandle8StartDmaEPlS1_jPFvS1_S1_jE
                0x24011dc8       0xac ../libDaisy/build/libdaisy.a(sai.o)
                0x24011dc8                daisy::SaiHandle::StartDma(long*, long*, unsigned int, void (*)(long*, long*, unsigned int))
 .text._ZN5daisy9SaiHandle13GetSampleRateEv
                0x24011e74       0x24 ../libDaisy/build/libdaisy.a(sai.o)
                0x24011e74                daisy::SaiHandle::GetSampleRate()
 .text._ZNK5daisy9SaiHandle9GetOffsetEv
                0x24011e98        0x8 ../libDaisy/build/libdaisy.a(sai.o)
                0x24011e98                daisy::SaiHandle::GetOffset() const
 .text.startup._GLOBAL__sub_I__ZN5daisy9SaiHandle4Impl4InitERKNS0_6ConfigE
                0x24011ea0       0x20 ../libDaisy/build/libdaisy.a(sai.o)
 .text._ZN5daisy11TimerHandleD2Ev
                0x24011ec0        0x4 ../libDaisy/build/libdaisy.a(system.o)
                0x24011ec0                daisy::TimerHandle::~TimerHandle()
                0x24011ec0                daisy::TimerHandle::~TimerHandle()
 .text.SysTick_Handler
                0x24011ec4       0x10 ../libDaisy/build/libdaisy.a(system.o)
                0x24011ec4                SysTick_Handler
 .text.OTG_HS_EP1_OUT_IRQHandler
                0x24011ed4       0x24 ../libDaisy/build/libdaisy.a(system.o)
                0x24011ed4                OTG_HS_EP1_OUT_IRQHandler
 .text.OTG_HS_EP1_IN_IRQHandler
                0x24011ef8       0x24 ../libDaisy/build/libdaisy.a(system.o)
                0x24011ef8                OTG_HS_EP1_IN_IRQHandler
 .text.OTG_HS_IRQHandler
                0x24011f1c       0x24 ../libDaisy/build/libdaisy.a(system.o)
                0x24011f1c                OTG_HS_IRQHandler
 .text.HardFault_Handler
                0x24011f40       0xe0 ../libDaisy/build/libdaisy.a(system.o)
                0x24011f40                HardFault_Handler
 .text._ZN5daisy6System5DelayEm
                0x24012020        0x4 ../libDaisy/build/libdaisy.a(system.o)
                0x24012020                daisy::System::Delay(unsigned long)
 .text._ZN5daisy6System20GetBootloaderVersionEv
                0x24012024       0x34 ../libDaisy/build/libdaisy.a(system.o)
                0x24012024                daisy::System::GetBootloaderVersion()
 .text._ZN5daisy6System15ConfigureClocksEv
                0x24012058      0x1ac ../libDaisy/build/libdaisy.a(system.o)
                0x24012058                daisy::System::ConfigureClocks()
 .text._ZN5daisy6System12ConfigureMpuEv
                0x24012204       0x7c ../libDaisy/build/libdaisy.a(system.o)
                0x24012204                daisy::System::ConfigureMpu()
 .text._ZN5daisy6System4InitERKNS0_6ConfigE
                0x24012280       0xf8 ../libDaisy/build/libdaisy.a(system.o)
                0x24012280                daisy::System::Init(daisy::System::Config const&)
 .text._ZN5daisy6System12GetPClk1FreqEv
                0x24012378        0x4 ../libDaisy/build/libdaisy.a(system.o)
                0x24012378                daisy::System::GetPClk1Freq()
 .text._ZN5daisy6System12GetPClk2FreqEv
                0x2401237c        0x4 ../libDaisy/build/libdaisy.a(system.o)
                0x2401237c                daisy::System::GetPClk2Freq()
 .text._ZN5daisy6System22GetProgramMemoryRegionEv
                0x24012380       0x78 ../libDaisy/build/libdaisy.a(system.o)
                0x24012380                daisy::System::GetProgramMemoryRegion()
 .text.startup._GLOBAL__sub_I__ZN5daisy9boot_infoE
                0x240123f8       0x20 ../libDaisy/build/libdaisy.a(system.o)
 .text.HAL_PCD_SetupStageCallback
                0x24012418        0xc ../libDaisy/build/libdaisy.a(usbd_conf.o)
                0x24012418                HAL_PCD_SetupStageCallback
 .text.HAL_PCD_DataOutStageCallback
                0x24012424       0x14 ../libDaisy/build/libdaisy.a(usbd_conf.o)
                0x24012424                HAL_PCD_DataOutStageCallback
 .text.HAL_PCD_DataInStageCallback
                0x24012438       0x14 ../libDaisy/build/libdaisy.a(usbd_conf.o)
                0x24012438                HAL_PCD_DataInStageCallback
 .text.HAL_PCD_SOFCallback
                0x2401244c        0x8 ../libDaisy/build/libdaisy.a(usbd_conf.o)
                0x2401244c                HAL_PCD_SOFCallback
 .text.HAL_PCD_ResetCallback
                0x24012454       0x24 ../libDaisy/build/libdaisy.a(usbd_conf.o)
                0x24012454                HAL_PCD_ResetCallback
 .text.HAL_PCD_SuspendCallback
                0x24012478       0x30 ../libDaisy/build/libdaisy.a(usbd_conf.o)
                0x24012478                HAL_PCD_SuspendCallback
 .text.HAL_PCD_ResumeCallback
                0x240124a8        0x8 ../libDaisy/build/libdaisy.a(usbd_conf.o)
                0x240124a8                HAL_PCD_ResumeCallback
 .text.HAL_PCD_ISOOUTIncompleteCallback
                0x240124b0        0x8 ../libDaisy/build/libdaisy.a(usbd_conf.o)
                0x240124b0                HAL_PCD_ISOOUTIncompleteCallback
 .text.HAL_PCD_ISOINIncompleteCallback
                0x240124b8        0x8 ../libDaisy/build/libdaisy.a(usbd_conf.o)
                0x240124b8                HAL_PCD_ISOINIncompleteCallback
 .text.HAL_PCD_ConnectCallback
                0x240124c0        0x8 ../libDaisy/build/libdaisy.a(usbd_conf.o)
                0x240124c0                HAL_PCD_ConnectCallback
 .text.HAL_PCD_DisconnectCallback
                0x240124c8        0x8 ../libDaisy/build/libdaisy.a(usbd_conf.o)
                0x240124c8                HAL_PCD_DisconnectCallback
 .text.USBD_LL_OpenEP
                0x240124d0       0x1c ../libDaisy/build/libdaisy.a(usbd_conf.o)
                0x240124d0                USBD_LL_OpenEP
 .text.USBD_LL_StallEP
                0x240124ec       0x18 ../libDaisy/build/libdaisy.a(usbd_conf.o)
                0x240124ec                USBD_LL_StallEP
 .text.USBD_LL_ClearStallEP
                0x24012504       0x18 ../libDaisy/build/libdaisy.a(usbd_conf.o)
                0x24012504                USBD_LL_ClearStallEP
 .text.USBD_LL_IsStallEP
                0x2401251c       0x28 ../libDaisy/build/libdaisy.a(usbd_conf.o)
                0x2401251c                USBD_LL_IsStallEP
 .text.USBD_LL_SetUSBAddress
                0x24012544       0x18 ../libDaisy/build/libdaisy.a(usbd_conf.o)
                0x24012544                USBD_LL_SetUSBAddress
 .text.USBD_LL_Transmit
                0x2401255c       0x18 ../libDaisy/build/libdaisy.a(usbd_conf.o)
                0x2401255c                USBD_LL_Transmit
 .text.USBD_LL_PrepareReceive
                0x24012574       0x18 ../libDaisy/build/libdaisy.a(usbd_conf.o)
                0x24012574                USBD_LL_PrepareReceive
 .text.HAL_HCD_SOF_Callback
                0x2401258c        0x8 ../libDaisy/build/libdaisy.a(usbh_conf.o)
                0x2401258c                HAL_HCD_SOF_Callback
 .text.HAL_HCD_Connect_Callback
                0x24012594        0x8 ../libDaisy/build/libdaisy.a(usbh_conf.o)
                0x24012594                HAL_HCD_Connect_Callback
 .text.HAL_HCD_Disconnect_Callback
                0x2401259c        0x8 ../libDaisy/build/libdaisy.a(usbh_conf.o)
                0x2401259c                HAL_HCD_Disconnect_Callback
 .text.HAL_HCD_HC_NotifyURBChange_Callback
                0x240125a4        0x4 ../libDaisy/build/libdaisy.a(usbh_conf.o)
                0x240125a4                HAL_HCD_HC_NotifyURBChange_Callback
 .text.HAL_HCD_PortEnabled_Callback
                0x240125a8        0x8 ../libDaisy/build/libdaisy.a(usbh_conf.o)
                0x240125a8                HAL_HCD_PortEnabled_Callback
 .text.HAL_HCD_PortDisabled_Callback
                0x240125b0        0x8 ../libDaisy/build/libdaisy.a(usbh_conf.o)
                0x240125b0                HAL_HCD_PortDisabled_Callback
 .text.USBH_LL_Stop
                0x240125b8       0x18 ../libDaisy/build/libdaisy.a(usbh_conf.o)
                0x240125b8                USBH_LL_Stop
 .text.HAL_MspInit
                0x240125d0        0x4 ../libDaisy/build/libdaisy.a(stm32h7xx_hal.o)
                0x240125d0                HAL_MspInit
 .text.HAL_InitTick
                0x240125d4       0x4c ../libDaisy/build/libdaisy.a(stm32h7xx_hal.o)
                0x240125d4                HAL_InitTick
 .text.HAL_Init
                0x24012620       0x60 ../libDaisy/build/libdaisy.a(stm32h7xx_hal.o)
                0x24012620                HAL_Init
 .text.HAL_IncTick
                0x24012680       0x18 ../libDaisy/build/libdaisy.a(stm32h7xx_hal.o)
                0x24012680                HAL_IncTick
 .text.HAL_GetTick
                0x24012698        0xc ../libDaisy/build/libdaisy.a(stm32h7xx_hal.o)
                0x24012698                HAL_GetTick
 .text.HAL_Delay
                0x240126a4       0x24 ../libDaisy/build/libdaisy.a(stm32h7xx_hal.o)
                0x240126a4                HAL_Delay
 .text.HAL_GetREVID
                0x240126c8        0xc ../libDaisy/build/libdaisy.a(stm32h7xx_hal.o)
                0x240126c8                HAL_GetREVID
 .text.HAL_ADC_ConvHalfCpltCallback
                0x240126d4        0x4 ../libDaisy/build/libdaisy.a(stm32h7xx_hal_adc.o)
                0x240126d4                HAL_ADC_ConvHalfCpltCallback
 .text.ADC_DMAHalfConvCplt
                0x240126d8        0xc ../libDaisy/build/libdaisy.a(stm32h7xx_hal_adc.o)
                0x240126d8                ADC_DMAHalfConvCplt
 .text.ADC_DMAConvCplt
                0x240126e4       0x6c ../libDaisy/build/libdaisy.a(stm32h7xx_hal_adc.o)
                0x240126e4                ADC_DMAConvCplt
 .text.ADC_DMAError
                0x24012750       0x1c ../libDaisy/build/libdaisy.a(stm32h7xx_hal_adc.o)
                0x24012750                ADC_DMAError
 .text.HAL_ADC_ConfigChannel
                0x2401276c      0x3d4 ../libDaisy/build/libdaisy.a(stm32h7xx_hal_adc.o)
                0x2401276c                HAL_ADC_ConfigChannel
 .text.ADC_Enable
                0x24012b40       0xb0 ../libDaisy/build/libdaisy.a(stm32h7xx_hal_adc.o)
                0x24012b40                ADC_Enable
 .text.HAL_ADC_Start_DMA
                0x24012bf0      0x118 ../libDaisy/build/libdaisy.a(stm32h7xx_hal_adc.o)
                0x24012bf0                HAL_ADC_Start_DMA
 .text.ADC_Disable
                0x24012d08       0x74 ../libDaisy/build/libdaisy.a(stm32h7xx_hal_adc.o)
                0x24012d08                ADC_Disable
 .text.ADC_ConfigureBoostMode
                0x24012d7c      0x15c ../libDaisy/build/libdaisy.a(stm32h7xx_hal_adc.o)
                0x24012d7c                ADC_ConfigureBoostMode
 .text.HAL_ADC_Init
                0x24012ed8      0x224 ../libDaisy/build/libdaisy.a(stm32h7xx_hal_adc.o)
                0x24012ed8                HAL_ADC_Init
 .text.HAL_ADCEx_Calibration_Start
                0x240130fc       0xa4 ../libDaisy/build/libdaisy.a(stm32h7xx_hal_adc_ex.o)
                0x240130fc                HAL_ADCEx_Calibration_Start
 .text.HAL_ADCEx_MultiModeConfigChannel
                0x240131a0       0xc4 ../libDaisy/build/libdaisy.a(stm32h7xx_hal_adc_ex.o)
                0x240131a0                HAL_ADCEx_MultiModeConfigChannel
 .text.HAL_NVIC_SetPriorityGrouping
                0x24013264       0x24 ../libDaisy/build/libdaisy.a(stm32h7xx_hal_cortex.o)
                0x24013264                HAL_NVIC_SetPriorityGrouping
 .text.HAL_NVIC_SetPriority
                0x24013288       0x78 ../libDaisy/build/libdaisy.a(stm32h7xx_hal_cortex.o)
                0x24013288                HAL_NVIC_SetPriority
 .text.HAL_NVIC_EnableIRQ
                0x24013300       0x1c ../libDaisy/build/libdaisy.a(stm32h7xx_hal_cortex.o)
                0x24013300                HAL_NVIC_EnableIRQ
 .text.HAL_NVIC_DisableIRQ
                0x2401331c       0x24 ../libDaisy/build/libdaisy.a(stm32h7xx_hal_cortex.o)
                0x2401331c                HAL_NVIC_DisableIRQ
 .text.HAL_SYSTICK_Config
                0x24013340       0x2c ../libDaisy/build/libdaisy.a(stm32h7xx_hal_cortex.o)
                0x24013340                HAL_SYSTICK_Config
 .text.HAL_MPU_Disable
                0x2401336c       0x1c ../libDaisy/build/libdaisy.a(stm32h7xx_hal_cortex.o)
                0x2401336c                HAL_MPU_Disable
 .text.HAL_MPU_Enable
                0x24013388       0x20 ../libDaisy/build/libdaisy.a(stm32h7xx_hal_cortex.o)
                0x24013388                HAL_MPU_Enable
 .text.HAL_MPU_ConfigRegion
                0x240133a8       0x64 ../libDaisy/build/libdaisy.a(stm32h7xx_hal_cortex.o)
                0x240133a8                HAL_MPU_ConfigRegion
 .text.HAL_SYSTICK_Callback
                0x2401340c        0x4 ../libDaisy/build/libdaisy.a(stm32h7xx_hal_cortex.o)
                0x2401340c                HAL_SYSTICK_Callback
 .text.HAL_SYSTICK_IRQHandler
                0x24013410        0x8 ../libDaisy/build/libdaisy.a(stm32h7xx_hal_cortex.o)
                0x24013410                HAL_SYSTICK_IRQHandler
 .text.HAL_DAC_Init
                0x24013418       0x2c ../libDaisy/build/libdaisy.a(stm32h7xx_hal_dac.o)
                0x24013418                HAL_DAC_Init
 .text.HAL_DAC_Start_DMA
                0x24013444       0xfc ../libDaisy/build/libdaisy.a(stm32h7xx_hal_dac.o)
                0x24013444                HAL_DAC_Start_DMA
 .text.HAL_DAC_Stop_DMA